20:39:40 **** Incremental Build of configuration Debug for project LAB_audio ****
make -j8 all 
arm-none-eabi-gcc "../Core/Src/main.c" -mcpu=cortex-m4 -std=gnu11 -g3 -DDEBUG -DUSE_HAL_DRIVER -DSTM32F407xx -c -I../Core/Inc -I../Drivers/STM32F4xx_HAL_Driver/Inc -I../Drivers/STM32F4xx_HAL_Driver/Inc/Legacy -I../Drivers/CMSIS/Device/ST/STM32F4xx/Include -I../Drivers/CMSIS/Include -O0 -ffunction-sections -fdata-sections -Wall -fstack-usage -fcyclomatic-complexity -MMD -MP -MF"Core/Src/main.d" -MT"Core/Src/main.o" --specs=nano.specs -mfpu=fpv4-sp-d16 -mfloat-abi=hard -mthumb -o "Core/Src/main.o"
arm-none-eabi-gcc -o "LAB_audio.elf" @"objects.list"   -mcpu=cortex-m4 -T"/home/RA/lovro.mileusnic/fer/OPPURS/labs/lab2/code/LAB_audio/STM32F407VGTX_FLASH.ld" --specs=nosys.specs -Wl,-Map="LAB_audio.map" -Wl,--gc-sections -static --specs=nano.specs -mfpu=fpv4-sp-d16 -mfloat-abi=hard -mthumb -Wl,--start-group -lc -lm -Wl,--end-group
Finished building target: LAB_audio.elf
 
arm-none-eabi-size   LAB_audio.elf 
arm-none-eabi-objdump -h -S  LAB_audio.elf  > "LAB_audio.list"
   text	   data	    bss	    dec	    hex	filename
  20112	     20	   1724	  21856	   5560	LAB_audio.elf
Finished building: default.size.stdout
 
Finished building: LAB_audio.list
 
20:39:55 **** Incremental Build of configuration Debug for project LAB_audio ****
make -j8 all 
arm-none-eabi-size   LAB_audio.elf 
   text	   data	    bss	    dec	    hex	filename
  20112	     20	   1724	  21856	   5560	LAB_audio.elf
Finished building: default.size.stdout
 
20:43:54 **** Incremental Build of configuration Debug for project LAB_audio ****
make -j8 all 
arm-none-eabi-gcc "../Core/Src/main.c" -mcpu=cortex-m4 -std=gnu11 -g3 -DDEBUG -DUSE_HAL_DRIVER -DSTM32F407xx -c -I../Core/Inc -I../Drivers/STM32F4xx_HAL_Driver/Inc -I../Drivers/STM32F4xx_HAL_Driver/Inc/Legacy -I../Drivers/CMSIS/Device/ST/STM32F4xx/Include -I../Drivers/CMSIS/Include -O0 -ffunction-sections -fdata-sections -Wall -fstack-usage -fcyclomatic-complexity -MMD -MP -MF"Core/Src/main.d" -MT"Core/Src/main.o" --specs=nano.specs -mfpu=fpv4-sp-d16 -mfloat-abi=hard -mthumb -o "Core/Src/main.o"
arm-none-eabi-gcc -o "LAB_audio.elf" @"objects.list"   -mcpu=cortex-m4 -T"/home/RA/lovro.mileusnic/fer/OPPURS/labs/lab2/code/LAB_audio/STM32F407VGTX_FLASH.ld" --specs=nosys.specs -Wl,-Map="LAB_audio.map" -Wl,--gc-sections -static --specs=nano.specs -mfpu=fpv4-sp-d16 -mfloat-abi=hard -mthumb -Wl,--start-group -lc -lm -Wl,--end-group
Finished building target: LAB_audio.elf
 
arm-none-eabi-size   LAB_audio.elf 
arm-none-eabi-objdump -h -S  LAB_audio.elf  > "LAB_audio.list"
   text	   data	    bss	    dec	    hex	filename
  20112	     20	   1724	  21856	   5560	LAB_audio.elf
Finished building: default.size.stdout
 
Finished building: LAB_audio.list
 
20:46:12 **** Incremental Build of configuration Debug for project LAB_audio ****
make -j8 all 
arm-none-eabi-gcc "../Core/Src/main.c" -mcpu=cortex-m4 -std=gnu11 -g3 -DDEBUG -DUSE_HAL_DRIVER -DSTM32F407xx -c -I../Core/Inc -I../Drivers/STM32F4xx_HAL_Driver/Inc -I../Drivers/STM32F4xx_HAL_Driver/Inc/Legacy -I../Drivers/CMSIS/Device/ST/STM32F4xx/Include -I../Drivers/CMSIS/Include -O0 -ffunction-sections -fdata-sections -Wall -fstack-usage -fcyclomatic-complexity -MMD -MP -MF"Core/Src/main.d" -MT"Core/Src/main.o" --specs=nano.specs -mfpu=fpv4-sp-d16 -mfloat-abi=hard -mthumb -o "Core/Src/main.o"
arm-none-eabi-gcc -o "LAB_audio.elf" @"objects.list"   -mcpu=cortex-m4 -T"/home/RA/lovro.mileusnic/fer/OPPURS/labs/lab2/code/LAB_audio/STM32F407VGTX_FLASH.ld" --specs=nosys.specs -Wl,-Map="LAB_audio.map" -Wl,--gc-sections -static --specs=nano.specs -mfpu=fpv4-sp-d16 -mfloat-abi=hard -mthumb -Wl,--start-group -lc -lm -Wl,--end-group
Finished building target: LAB_audio.elf
 
arm-none-eabi-size   LAB_audio.elf 
arm-none-eabi-objdump -h -S  LAB_audio.elf  > "LAB_audio.list"
   text	   data	    bss	    dec	    hex	filename
  20112	     20	   1724	  21856	   5560	LAB_audio.elf
Finished building: default.size.stdout
 
Finished building: LAB_audio.list
 
20:48:50 **** Incremental Build of configuration Debug for project LAB_audio ****
make -j8 all 
arm-none-eabi-size   LAB_audio.elf 
   text	   data	    bss	    dec	    hex	filename
  20112	     20	   1724	  21856	   5560	LAB_audio.elf
Finished building: default.size.stdout
 
20:49:36 **** Incremental Build of configuration Debug for project LAB_audio ****
make -j8 all 
arm-none-eabi-gcc "../Core/Src/main.c" -mcpu=cortex-m4 -std=gnu11 -g3 -DDEBUG -DUSE_HAL_DRIVER -DSTM32F407xx -c -I../Core/Inc -I../Drivers/STM32F4xx_HAL_Driver/Inc -I../Drivers/STM32F4xx_HAL_Driver/Inc/Legacy -I../Drivers/CMSIS/Device/ST/STM32F4xx/Include -I../Drivers/CMSIS/Include -O0 -ffunction-sections -fdata-sections -Wall -fstack-usage -fcyclomatic-complexity -MMD -MP -MF"Core/Src/main.d" -MT"Core/Src/main.o" --specs=nano.specs -mfpu=fpv4-sp-d16 -mfloat-abi=hard -mthumb -o "Core/Src/main.o"
arm-none-eabi-gcc -o "LAB_audio.elf" @"objects.list"   -mcpu=cortex-m4 -T"/home/RA/lovro.mileusnic/fer/OPPURS/labs/lab2/code/LAB_audio/STM32F407VGTX_FLASH.ld" --specs=nosys.specs -Wl,-Map="LAB_audio.map" -Wl,--gc-sections -static --specs=nano.specs -mfpu=fpv4-sp-d16 -mfloat-abi=hard -mthumb -Wl,--start-group -lc -lm -Wl,--end-group
Finished building target: LAB_audio.elf
 
arm-none-eabi-size   LAB_audio.elf 
arm-none-eabi-objdump -h -S  LAB_audio.elf  > "LAB_audio.list"
   text	   data	    bss	    dec	    hex	filename
  20112	     20	   1724	  21856	   5560	LAB_audio.elf
Finished building: default.size.stdout
 
Finished building: LAB_audio.list
 
20:49:39 **** Incremental Build of configuration Debug for project LAB_audio ****
make -j8 all 
arm-none-eabi-size   LAB_audio.elf 
   text	   data	    bss	    dec	    hex	filename
  20112	     20	   1724	  21856	   5560	LAB_audio.elf
Finished building: default.size.stdout
 
20:50:20 **** Incremental Build of configuration Debug for project LAB_audio ****
make -j8 all 
arm-none-eabi-gcc "../Core/Src/main.c" -mcpu=cortex-m4 -std=gnu11 -g3 -DDEBUG -DUSE_HAL_DRIVER -DSTM32F407xx -c -I../Core/Inc -I../Drivers/STM32F4xx_HAL_Driver/Inc -I../Drivers/STM32F4xx_HAL_Driver/Inc/Legacy -I../Drivers/CMSIS/Device/ST/STM32F4xx/Include -I../Drivers/CMSIS/Include -O0 -ffunction-sections -fdata-sections -Wall -fstack-usage -fcyclomatic-complexity -MMD -MP -MF"Core/Src/main.d" -MT"Core/Src/main.o" --specs=nano.specs -mfpu=fpv4-sp-d16 -mfloat-abi=hard -mthumb -o "Core/Src/main.o"
arm-none-eabi-gcc -o "LAB_audio.elf" @"objects.list"   -mcpu=cortex-m4 -T"/home/RA/lovro.mileusnic/fer/OPPURS/labs/lab2/code/LAB_audio/STM32F407VGTX_FLASH.ld" --specs=nosys.specs -Wl,-Map="LAB_audio.map" -Wl,--gc-sections -static --specs=nano.specs -mfpu=fpv4-sp-d16 -mfloat-abi=hard -mthumb -Wl,--start-group -lc -lm -Wl,--end-group
Finished building target: LAB_audio.elf
 
arm-none-eabi-size   LAB_audio.elf 
arm-none-eabi-objdump -h -S  LAB_audio.elf  > "LAB_audio.list"
   text	   data	    bss	    dec	    hex	filename
  20112	     20	   1724	  21856	   5560	LAB_audio.elf
Finished building: default.size.stdout
 
Finished building: LAB_audio.list
 
20:51:10 **** Incremental Build of configuration Debug for project LAB_audio ****
make -j8 all 
arm-none-eabi-gcc "../Core/Src/main.c" -mcpu=cortex-m4 -std=gnu11 -g3 -DDEBUG -DUSE_HAL_DRIVER -DSTM32F407xx -c -I../Core/Inc -I../Drivers/STM32F4xx_HAL_Driver/Inc -I../Drivers/STM32F4xx_HAL_Driver/Inc/Legacy -I../Drivers/CMSIS/Device/ST/STM32F4xx/Include -I../Drivers/CMSIS/Include -O0 -ffunction-sections -fdata-sections -Wall -fstack-usage -fcyclomatic-complexity -MMD -MP -MF"Core/Src/main.d" -MT"Core/Src/main.o" --specs=nano.specs -mfpu=fpv4-sp-d16 -mfloat-abi=hard -mthumb -o "Core/Src/main.o"
arm-none-eabi-gcc -o "LAB_audio.elf" @"objects.list"   -mcpu=cortex-m4 -T"/home/RA/lovro.mileusnic/fer/OPPURS/labs/lab2/code/LAB_audio/STM32F407VGTX_FLASH.ld" --specs=nosys.specs -Wl,-Map="LAB_audio.map" -Wl,--gc-sections -static --specs=nano.specs -mfpu=fpv4-sp-d16 -mfloat-abi=hard -mthumb -Wl,--start-group -lc -lm -Wl,--end-group
Finished building target: LAB_audio.elf
 
arm-none-eabi-size   LAB_audio.elf 
arm-none-eabi-objdump -h -S  LAB_audio.elf  > "LAB_audio.list"
   text	   data	    bss	    dec	    hex	filename
  20160	     20	   1724	  21904	   5590	LAB_audio.elf
Finished building: default.size.stdout
 
Finished building: LAB_audio.list
 
20:52:53 **** Incremental Build of configuration Debug for project LAB_audio ****
make -j8 all 
arm-none-eabi-gcc "../Core/Src/main.c" -mcpu=cortex-m4 -std=gnu11 -g3 -DDEBUG -DUSE_HAL_DRIVER -DSTM32F407xx -c -I../Core/Inc -I../Drivers/STM32F4xx_HAL_Driver/Inc -I../Drivers/STM32F4xx_HAL_Driver/Inc/Legacy -I../Drivers/CMSIS/Device/ST/STM32F4xx/Include -I../Drivers/CMSIS/Include -O0 -ffunction-sections -fdata-sections -Wall -fstack-usage -fcyclomatic-complexity -MMD -MP -MF"Core/Src/main.d" -MT"Core/Src/main.o" --specs=nano.specs -mfpu=fpv4-sp-d16 -mfloat-abi=hard -mthumb -o "Core/Src/main.o"
arm-none-eabi-gcc -o "LAB_audio.elf" @"objects.list"   -mcpu=cortex-m4 -T"/home/RA/lovro.mileusnic/fer/OPPURS/labs/lab2/code/LAB_audio/STM32F407VGTX_FLASH.ld" --specs=nosys.specs -Wl,-Map="LAB_audio.map" -Wl,--gc-sections -static --specs=nano.specs -mfpu=fpv4-sp-d16 -mfloat-abi=hard -mthumb -Wl,--start-group -lc -lm -Wl,--end-group
Finished building target: LAB_audio.elf
 
arm-none-eabi-size   LAB_audio.elf 
arm-none-eabi-objdump -h -S  LAB_audio.elf  > "LAB_audio.list"
   text	   data	    bss	    dec	    hex	filename
  20184	     20	   1724	  21928	   55a8	LAB_audio.elf
Finished building: default.size.stdout
 
Finished building: LAB_audio.list
 
20:53:39 **** Incremental Build of configuration Debug for project LAB_audio ****
make -j8 all 
arm-none-eabi-size   LAB_audio.elf 
   text	   data	    bss	    dec	    hex	filename
  20184	     20	   1724	  21928	   55a8	LAB_audio.elf
Finished building: default.size.stdout
 
