Archive member included to satisfy reference by file (symbol)

/usr/lib/gcc/arm-none-eabi/9.2.1/../../../arm-none-eabi/lib/thumb/v7e-m+fp/hard/libc_nano.a(lib_a-atexit.o)
                              /usr/lib/gcc/arm-none-eabi/9.2.1/../../../arm-none-eabi/lib/thumb/v7e-m+fp/hard/crt0.o (atexit)
/usr/lib/gcc/arm-none-eabi/9.2.1/../../../arm-none-eabi/lib/thumb/v7e-m+fp/hard/libc_nano.a(lib_a-exit.o)
                              /usr/lib/gcc/arm-none-eabi/9.2.1/../../../arm-none-eabi/lib/thumb/v7e-m+fp/hard/crt0.o (exit)
/usr/lib/gcc/arm-none-eabi/9.2.1/../../../arm-none-eabi/lib/thumb/v7e-m+fp/hard/libc_nano.a(lib_a-fini.o)
                              /usr/lib/gcc/arm-none-eabi/9.2.1/../../../arm-none-eabi/lib/thumb/v7e-m+fp/hard/crt0.o (__libc_fini_array)
/usr/lib/gcc/arm-none-eabi/9.2.1/../../../arm-none-eabi/lib/thumb/v7e-m+fp/hard/libc_nano.a(lib_a-impure.o)
                              /usr/lib/gcc/arm-none-eabi/9.2.1/../../../arm-none-eabi/lib/thumb/v7e-m+fp/hard/libc_nano.a(lib_a-exit.o) (_global_impure_ptr)
/usr/lib/gcc/arm-none-eabi/9.2.1/../../../arm-none-eabi/lib/thumb/v7e-m+fp/hard/libc_nano.a(lib_a-init.o)
                              /usr/lib/gcc/arm-none-eabi/9.2.1/../../../arm-none-eabi/lib/thumb/v7e-m+fp/hard/crt0.o (__libc_init_array)
/usr/lib/gcc/arm-none-eabi/9.2.1/../../../arm-none-eabi/lib/thumb/v7e-m+fp/hard/libc_nano.a(lib_a-memcpy.o)
                              build/queue.o (memcpy)
/usr/lib/gcc/arm-none-eabi/9.2.1/../../../arm-none-eabi/lib/thumb/v7e-m+fp/hard/libc_nano.a(lib_a-memset.o)
                              /usr/lib/gcc/arm-none-eabi/9.2.1/../../../arm-none-eabi/lib/thumb/v7e-m+fp/hard/crt0.o (memset)
/usr/lib/gcc/arm-none-eabi/9.2.1/../../../arm-none-eabi/lib/thumb/v7e-m+fp/hard/libc_nano.a(lib_a-__atexit.o)
                              /usr/lib/gcc/arm-none-eabi/9.2.1/../../../arm-none-eabi/lib/thumb/v7e-m+fp/hard/libc_nano.a(lib_a-atexit.o) (__register_exitproc)
/usr/lib/gcc/arm-none-eabi/9.2.1/../../../arm-none-eabi/lib/thumb/v7e-m+fp/hard/libc_nano.a(lib_a-__call_atexit.o)
                              /usr/lib/gcc/arm-none-eabi/9.2.1/../../../arm-none-eabi/lib/thumb/v7e-m+fp/hard/libc_nano.a(lib_a-__atexit.o) (__call_exitprocs)
/usr/lib/gcc/arm-none-eabi/9.2.1/../../../arm-none-eabi/lib/thumb/v7e-m+fp/hard/libnosys.a(_exit.o)
                              /usr/lib/gcc/arm-none-eabi/9.2.1/../../../arm-none-eabi/lib/thumb/v7e-m+fp/hard/libc_nano.a(lib_a-exit.o) (_exit)
/usr/lib/gcc/arm-none-eabi/9.2.1/thumb/v7e-m+fp/hard/libgcc.a(_aeabi_uldivmod.o)
                              build/stm32f4xx_hal_rcc.o (__aeabi_uldivmod)
/usr/lib/gcc/arm-none-eabi/9.2.1/thumb/v7e-m+fp/hard/libgcc.a(_udivmoddi4.o)
                              /usr/lib/gcc/arm-none-eabi/9.2.1/thumb/v7e-m+fp/hard/libgcc.a(_aeabi_uldivmod.o) (__udivmoddi4)
/usr/lib/gcc/arm-none-eabi/9.2.1/thumb/v7e-m+fp/hard/libgcc.a(_dvmd_tls.o)
                              /usr/lib/gcc/arm-none-eabi/9.2.1/thumb/v7e-m+fp/hard/libgcc.a(_aeabi_uldivmod.o) (__aeabi_ldiv0)

Allocating common symbols
Common symbol       size              file

defaultTaskHandle   0x4               build/freertos.o
xTaskHandle2        0x4               build/main.o
xTaskHandle1        0x4               build/main.o
uwTick              0x4               build/stm32f4xx_hal.o
xQueueRegistry      0x40              build/queue.o
pFlash              0x20              build/stm32f4xx_hal_flash.o
xBinarySemaphore    0x4               build/main.o

Discarded input sections

 .text          0x0000000000000000        0x0 /usr/lib/gcc/arm-none-eabi/9.2.1/thumb/v7e-m+fp/hard/crti.o
 .data          0x0000000000000000        0x0 /usr/lib/gcc/arm-none-eabi/9.2.1/thumb/v7e-m+fp/hard/crti.o
 .bss           0x0000000000000000        0x0 /usr/lib/gcc/arm-none-eabi/9.2.1/thumb/v7e-m+fp/hard/crti.o
 .data          0x0000000000000000        0x4 /usr/lib/gcc/arm-none-eabi/9.2.1/thumb/v7e-m+fp/hard/crtbegin.o
 .text          0x0000000000000000       0x70 /usr/lib/gcc/arm-none-eabi/9.2.1/../../../arm-none-eabi/lib/thumb/v7e-m+fp/hard/crt0.o
 .data          0x0000000000000000        0x0 /usr/lib/gcc/arm-none-eabi/9.2.1/../../../arm-none-eabi/lib/thumb/v7e-m+fp/hard/crt0.o
 .bss           0x0000000000000000        0x0 /usr/lib/gcc/arm-none-eabi/9.2.1/../../../arm-none-eabi/lib/thumb/v7e-m+fp/hard/crt0.o
 .ARM.extab     0x0000000000000000        0x0 /usr/lib/gcc/arm-none-eabi/9.2.1/../../../arm-none-eabi/lib/thumb/v7e-m+fp/hard/crt0.o
 .ARM.exidx     0x0000000000000000       0x10 /usr/lib/gcc/arm-none-eabi/9.2.1/../../../arm-none-eabi/lib/thumb/v7e-m+fp/hard/crt0.o
 .debug_line    0x0000000000000000       0x87 /usr/lib/gcc/arm-none-eabi/9.2.1/../../../arm-none-eabi/lib/thumb/v7e-m+fp/hard/crt0.o
 .debug_info    0x0000000000000000       0x26 /usr/lib/gcc/arm-none-eabi/9.2.1/../../../arm-none-eabi/lib/thumb/v7e-m+fp/hard/crt0.o
 .debug_abbrev  0x0000000000000000       0x14 /usr/lib/gcc/arm-none-eabi/9.2.1/../../../arm-none-eabi/lib/thumb/v7e-m+fp/hard/crt0.o
[...]
Memory Configuration

Name             Origin             Length             Attributes
RAM              0x0000000020000000 0x0000000000020000 xrw
CCMRAM           0x0000000010000000 0x0000000000010000 xrw
FLASH            0x0000000008000000 0x0000000000100000 xr
*default*        0x0000000000000000 0xffffffffffffffff

Linker script and memory map

LOAD /usr/lib/gcc/arm-none-eabi/9.2.1/thumb/v7e-m+fp/hard/crti.o
LOAD /usr/lib/gcc/arm-none-eabi/9.2.1/thumb/v7e-m+fp/hard/crtbegin.o
LOAD /usr/lib/gcc/arm-none-eabi/9.2.1/../../../arm-none-eabi/lib/thumb/v7e-m+fp/hard/crt0.o
LOAD build/main.o
LOAD build/stm32f4xx_it.o
LOAD build/stm32f4xx_hal_msp.o
LOAD build/stm32f4xx_hal_tim.o
LOAD build/stm32f4xx_hal_tim_ex.o
LOAD build/stm32f4xx_hal_rcc.o
LOAD build/stm32f4xx_hal_rcc_ex.o
LOAD build/stm32f4xx_hal_flash.o
LOAD build/stm32f4xx_hal_flash_ex.o
LOAD build/stm32f4xx_hal_flash_ramfunc.o
LOAD build/stm32f4xx_hal_gpio.o
LOAD build/stm32f4xx_hal_dma_ex.o
LOAD build/stm32f4xx_hal_dma.o
LOAD build/stm32f4xx_hal_pwr.o
LOAD build/stm32f4xx_hal_pwr_ex.o
LOAD build/stm32f4xx_hal_cortex.o
LOAD build/stm32f4xx_hal.o
LOAD build/stm32f4xx_hal_exti.o
LOAD build/system_stm32f4xx.o
LOAD build/gpio.o
LOAD build/freertos.o
LOAD build/croutine.o
LOAD build/event_groups.o
LOAD build/list.o
LOAD build/queue.o
LOAD build/stream_buffer.o
LOAD build/tasks.o
LOAD build/timers.o
LOAD build/cmsis_os.o
LOAD build/port.o
LOAD build/heap_2.o
LOAD build/startup_stm32f407xx.o
LOAD /usr/lib/gcc/arm-none-eabi/9.2.1/../../../arm-none-eabi/lib/thumb/v7e-m+fp/hard/libc_nano.a
LOAD /usr/lib/gcc/arm-none-eabi/9.2.1/../../../arm-none-eabi/lib/thumb/v7e-m+fp/hard/libm.a
LOAD /usr/lib/gcc/arm-none-eabi/9.2.1/../../../arm-none-eabi/lib/thumb/v7e-m+fp/hard/libnosys.a
START GROUP
LOAD /usr/lib/gcc/arm-none-eabi/9.2.1/thumb/v7e-m+fp/hard/libgcc.a
LOAD /usr/lib/gcc/arm-none-eabi/9.2.1/../../../arm-none-eabi/lib/thumb/v7e-m+fp/hard/libc_nano.a
END GROUP
START GROUP
LOAD /usr/lib/gcc/arm-none-eabi/9.2.1/thumb/v7e-m+fp/hard/libgcc.a
LOAD /usr/lib/gcc/arm-none-eabi/9.2.1/../../../arm-none-eabi/lib/thumb/v7e-m+fp/hard/libc_nano.a
END GROUP
LOAD /usr/lib/gcc/arm-none-eabi/9.2.1/thumb/v7e-m+fp/hard/crtend.o
LOAD /usr/lib/gcc/arm-none-eabi/9.2.1/thumb/v7e-m+fp/hard/crtn.o
                0x0000000020020000                _estack = (ORIGIN (RAM) + LENGTH (RAM))
                0x0000000000000200                _Min_Heap_Size = 0x200
                0x0000000000000400                _Min_Stack_Size = 0x400

.isr_vector     0x0000000008000000      0x188
                0x0000000008000000                . = ALIGN (0x4)
 *(.isr_vector)
 .isr_vector    0x0000000008000000      0x188 build/startup_stm32f407xx.o
                0x0000000008000000                g_pfnVectors
                0x0000000008000188                . = ALIGN (0x4)

.text           0x0000000008000190     0x2804
                0x0000000008000190                . = ALIGN (0x4)
 *(.text)
 .text          0x0000000008000190       0x88 /usr/lib/gcc/arm-none-eabi/9.2.1/thumb/v7e-m+fp/hard/crtbegin.o
 .text          0x0000000008000218       0x48 /usr/lib/gcc/arm-none-eabi/9.2.1/../../../arm-none-eabi/lib/thumb/v7e-m+fp/hard/libc_nano.a(lib_a-init.o)
                0x0000000008000218                __libc_init_array
 .text          0x0000000008000260      0x134 /usr/lib/gcc/arm-none-eabi/9.2.1/../../../arm-none-eabi/lib/thumb/v7e-m+fp/hard/libc_nano.a(lib_a-memcpy.o)
                0x0000000008000260                memcpy
 .text          0x0000000008000394       0xa0 /usr/lib/gcc/arm-none-eabi/9.2.1/../../../arm-none-eabi/lib/thumb/v7e-m+fp/hard/libc_nano.a(lib_a-memset.o)
                0x0000000008000394                memset
 .text          0x0000000008000434       0x30 /usr/lib/gcc/arm-none-eabi/9.2.1/thumb/v7e-m+fp/hard/libgcc.a(_aeabi_uldivmod.o)
                0x0000000008000434                __aeabi_uldivmod
 .text          0x0000000008000464      0x2c4 /usr/lib/gcc/arm-none-eabi/9.2.1/thumb/v7e-m+fp/hard/libgcc.a(_udivmoddi4.o)
                0x0000000008000464                __udivmoddi4
 .text          0x0000000008000728        0x4 /usr/lib/gcc/arm-none-eabi/9.2.1/thumb/v7e-m+fp/hard/libgcc.a(_dvmd_tls.o)
                0x0000000008000728                __aeabi_ldiv0
                0x0000000008000728                __aeabi_idiv0
 *(.text*)
 .text.vTaskHigh
                0x000000000800072c       0x48 build/main.o
                0x000000000800072c                vTaskHigh
 .text.vTaskLow
                0x0000000008000774       0x3c build/main.o
                0x0000000008000774                vTaskLow
 .text.HAL_GPIO_EXTI_Callback
                0x00000000080007b0       0x24 build/main.o
                0x00000000080007b0                HAL_GPIO_EXTI_Callback
 .text.Error_Handler
                0x00000000080007d4        0x4 build/main.o
                0x00000000080007d4                Error_Handler
 .text.SystemClock_Config
                0x00000000080007d8       0x88 build/main.o
                0x00000000080007d8                SystemClock_Config
 .text.main     0x0000000008000860       0x60 build/main.o
                0x0000000008000860                main
 .text.NMI_Handler
                0x00000000080008c0        0x2 build/stm32f4xx_it.o
                0x00000000080008c0                NMI_Handler
 .text.HardFault_Handler
                0x00000000080008c2        0x2 build/stm32f4xx_it.o
                0x00000000080008c2                HardFault_Handler
 .text.MemManage_Handler
                0x00000000080008c4        0x2 build/stm32f4xx_it.o
                0x00000000080008c4                MemManage_Handler
 .text.BusFault_Handler
                0x00000000080008c6        0x2 build/stm32f4xx_it.o
                0x00000000080008c6                BusFault_Handler
 .text.UsageFault_Handler
                0x00000000080008c8        0x2 build/stm32f4xx_it.o
                0x00000000080008c8                UsageFault_Handler
 .text.DebugMon_Handler
                0x00000000080008ca        0x2 build/stm32f4xx_it.o
                0x00000000080008ca                DebugMon_Handler
 .text.SysTick_Handler
                0x00000000080008cc       0x16 build/stm32f4xx_it.o
                0x00000000080008cc                SysTick_Handler
 .text.EXTI0_IRQHandler
                0x00000000080008e2        0xa build/stm32f4xx_it.o
                0x00000000080008e2                EXTI0_IRQHandler
 .text.HAL_MspInit
                0x00000000080008ec       0x44 build/stm32f4xx_hal_msp.o
                0x00000000080008ec                HAL_MspInit
 .text.HAL_RCC_OscConfig
                0x0000000008000930      0x3f8 build/stm32f4xx_hal_rcc.o
                0x0000000008000930                HAL_RCC_OscConfig
 .text.HAL_RCC_GetSysClockFreq
                0x0000000008000d28       0xcc build/stm32f4xx_hal_rcc.o
                0x0000000008000d28                HAL_RCC_GetSysClockFreq
 .text.HAL_RCC_ClockConfig
                0x0000000008000df4      0x160 build/stm32f4xx_hal_rcc.o
                0x0000000008000df4                HAL_RCC_ClockConfig
 .text.HAL_GPIO_Init
                0x0000000008000f54      0x1d4 build/stm32f4xx_hal_gpio.o
                0x0000000008000f54                HAL_GPIO_Init
 .text.HAL_GPIO_WritePin
                0x0000000008001128        0xc build/stm32f4xx_hal_gpio.o
                0x0000000008001128                HAL_GPIO_WritePin
 .text.HAL_GPIO_EXTI_IRQHandler
                0x0000000008001134       0x1c build/stm32f4xx_hal_gpio.o
                0x0000000008001134                HAL_GPIO_EXTI_IRQHandler
 .text.HAL_NVIC_SetPriorityGrouping
                0x0000000008001150       0x24 build/stm32f4xx_hal_cortex.o
                0x0000000008001150                HAL_NVIC_SetPriorityGrouping
 .text.HAL_NVIC_SetPriority
                0x0000000008001174       0x68 build/stm32f4xx_hal_cortex.o
                0x0000000008001174                HAL_NVIC_SetPriority
 .text.HAL_NVIC_EnableIRQ
                0x00000000080011dc       0x1c build/stm32f4xx_hal_cortex.o
                0x00000000080011dc                HAL_NVIC_EnableIRQ
 .text.HAL_NVIC_DisableIRQ
                0x00000000080011f8       0x24 build/stm32f4xx_hal_cortex.o
                0x00000000080011f8                HAL_NVIC_DisableIRQ
 .text.HAL_SYSTICK_Config
                0x000000000800121c       0x2c build/stm32f4xx_hal_cortex.o
                0x000000000800121c                HAL_SYSTICK_Config
 .text.HAL_InitTick
                0x0000000008001248       0x4c build/stm32f4xx_hal.o
                0x0000000008001248                HAL_InitTick
 .text.HAL_Init
                0x0000000008001294       0x34 build/stm32f4xx_hal.o
                0x0000000008001294                HAL_Init
 .text.HAL_IncTick
                0x00000000080012c8       0x18 build/stm32f4xx_hal.o
                0x00000000080012c8                HAL_IncTick
 .text.HAL_GetTick
                0x00000000080012e0        0xc build/stm32f4xx_hal.o
                0x00000000080012e0                HAL_GetTick
 .text.SystemInit
                0x00000000080012ec       0x14 build/system_stm32f4xx.o
                0x00000000080012ec                SystemInit
 .text.MX_GPIO_Init
                0x0000000008001300       0xa8 build/gpio.o
                0x0000000008001300                MX_GPIO_Init
 .text.gpio_led_state
                0x00000000080013a8       0x4c build/gpio.o
                0x00000000080013a8                gpio_led_state
 .text.vApplicationGetIdleTaskMemory
                0x00000000080013f4       0x18 build/freertos.o
                0x00000000080013f4                vApplicationGetIdleTaskMemory
 .text.vListInitialise
                0x000000000800140c       0x16 build/list.o
                0x000000000800140c                vListInitialise
 .text.vListInitialiseItem
                0x0000000008001422        0x6 build/list.o
                0x0000000008001422                vListInitialiseItem
 .text.vListInsertEnd
                0x0000000008001428       0x16 build/list.o
                0x0000000008001428                vListInsertEnd
 .text.vListInsert
                0x000000000800143e       0x32 build/list.o
                0x000000000800143e                vListInsert
 .text.uxListRemove
                0x0000000008001470       0x26 build/list.o
                0x0000000008001470                uxListRemove
 .text.prvGetDisinheritPriorityAfterTimeout
                0x0000000008001496       0x10 build/queue.o
 .text.prvIsQueueFull
                0x00000000080014a6       0x1e build/queue.o
 .text.prvIsQueueEmpty
                0x00000000080014c4       0x1a build/queue.o
 .text.prvCopyDataToQueue
                0x00000000080014de       0x76 build/queue.o
 .text.prvUnlockQueue
                0x0000000008001554       0x6e build/queue.o
 *fill*         0x00000000080015c2        0x2 
 .text.xQueueGenericReset
                0x00000000080015c4       0x84 build/queue.o
                0x00000000080015c4                xQueueGenericReset
 .text.prvInitialiseNewQueue
                0x0000000008001648       0x1c build/queue.o
 .text.xQueueGenericCreate
                0x0000000008001664       0x48 build/queue.o
                0x0000000008001664                xQueueGenericCreate
 .text.xQueueGenericSend
                0x00000000080016ac      0x180 build/queue.o
                0x00000000080016ac                xQueueGenericSend
 .text.xQueueSemaphoreTake
                0x000000000800182c      0x1a4 build/queue.o
                0x000000000800182c                xQueueSemaphoreTake
 .text.prvResetNextTaskUnblockTime
                0x00000000080019d0       0x2c build/tasks.o
 .text.prvInitialiseNewTask
                0x00000000080019fc       0x8e build/tasks.o
 *fill*         0x0000000008001a8a        0x2 
 .text.prvInitialiseTaskLists
                0x0000000008001a8c       0x68 build/tasks.o
 .text.prvAddNewTaskToReadyList
                0x0000000008001af4       0xa8 build/tasks.o
 .text.prvDeleteTCB
                0x0000000008001b9c       0x38 build/tasks.o
 .text.prvCheckTasksWaitingTermination
                0x0000000008001bd4       0x4c build/tasks.o
 .text.prvIdleTask
                0x0000000008001c20       0x28 build/tasks.o
 .text.prvAddCurrentTaskToDelayedList
                0x0000000008001c48       0x98 build/tasks.o
 .text.xTaskCreateStatic
                0x0000000008001ce0       0x74 build/tasks.o
                0x0000000008001ce0                xTaskCreateStatic
 .text.xTaskCreate
                0x0000000008001d54       0x68 build/tasks.o
                0x0000000008001d54                xTaskCreate
 .text.vTaskStartScheduler
                0x0000000008001dbc       0x6c build/tasks.o
                0x0000000008001dbc                vTaskStartScheduler
 .text.vTaskSuspendAll
                0x0000000008001e28       0x10 build/tasks.o
                0x0000000008001e28                vTaskSuspendAll
 .text.xTaskGetTickCount
                0x0000000008001e38        0xc build/tasks.o
                0x0000000008001e38                xTaskGetTickCount
 .text.xTaskIncrementTick
                0x0000000008001e44      0x118 build/tasks.o
                0x0000000008001e44                xTaskIncrementTick
 .text.xTaskResumeAll
                0x0000000008001f5c       0xf8 build/tasks.o
                0x0000000008001f5c                xTaskResumeAll
 .text.vTaskDelay
                0x0000000008002054       0x4c build/tasks.o
                0x0000000008002054                vTaskDelay
 .text.vTaskSwitchContext
                0x00000000080020a0       0x98 build/tasks.o
                0x00000000080020a0                vTaskSwitchContext
 .text.vTaskPlaceOnEventList
                0x0000000008002138       0x30 build/tasks.o
                0x0000000008002138                vTaskPlaceOnEventList
 .text.xTaskRemoveFromEventList
                0x0000000008002168       0x8c build/tasks.o
                0x0000000008002168                xTaskRemoveFromEventList
 .text.vTaskInternalSetTimeOutState
                0x00000000080021f4       0x18 build/tasks.o
                0x00000000080021f4                vTaskInternalSetTimeOutState
 .text.xTaskCheckForTimeOut
                0x000000000800220c       0x84 build/tasks.o
                0x000000000800220c                xTaskCheckForTimeOut
 .text.vTaskMissedYield
                0x0000000008002290        0xc build/tasks.o
                0x0000000008002290                vTaskMissedYield
 .text.xTaskGetSchedulerState
                0x000000000800229c       0x20 build/tasks.o
                0x000000000800229c                xTaskGetSchedulerState
 .text.xTaskPriorityInherit
                0x00000000080022bc       0xac build/tasks.o
                0x00000000080022bc                xTaskPriorityInherit
 .text.xTaskPriorityDisinherit
                0x0000000008002368       0xb4 build/tasks.o
                0x0000000008002368                xTaskPriorityDisinherit
 .text.vTaskPriorityDisinheritAfterTimeout
                0x000000000800241c       0xb8 build/tasks.o
                0x000000000800241c                vTaskPriorityDisinheritAfterTimeout
 .text.pvTaskIncrementMutexHeldCount
                0x00000000080024d4       0x1c build/tasks.o
                0x00000000080024d4                pvTaskIncrementMutexHeldCount
 .text.prvTaskExitError
                0x00000000080024f0       0x40 build/port.o
 .text.prvPortStartFirstTask
                0x0000000008002530       0x28 build/port.o
 .text.vPortEnableVFP
                0x0000000008002558       0x14 build/port.o
 .text.pxPortInitialiseStack
                0x000000000800256c       0x2c build/port.o
                0x000000000800256c                pxPortInitialiseStack
 *fill*         0x0000000008002598        0x8 
 .text.SVC_Handler
                0x00000000080025a0       0x24 build/port.o
                0x00000000080025a0                SVC_Handler
 .text.vPortEnterCritical
                0x00000000080025c4       0x44 build/port.o
                0x00000000080025c4                vPortEnterCritical
 .text.vPortExitCritical
                0x0000000008002608       0x2c build/port.o
                0x0000000008002608                vPortExitCritical
 *fill*         0x0000000008002634        0xc 
 .text.PendSV_Handler
                0x0000000008002640       0x64 build/port.o
                0x0000000008002640                PendSV_Handler
 .text.xPortSysTickHandler
                0x00000000080026a4       0x2c build/port.o
                0x00000000080026a4                xPortSysTickHandler
 .text.vPortSetupTimerInterrupt
                0x00000000080026d0       0x38 build/port.o
                0x00000000080026d0                vPortSetupTimerInterrupt
 .text.xPortStartScheduler
                0x0000000008002708      0x110 build/port.o
                0x0000000008002708                xPortStartScheduler
 .text.prvHeapInit
                0x0000000008002818       0x2c build/heap_2.o
 .text.pvPortMalloc
                0x0000000008002844       0xa4 build/heap_2.o
                0x0000000008002844                pvPortMalloc
 .text.vPortFree
                0x00000000080028e8       0x40 build/heap_2.o
                0x00000000080028e8                vPortFree
 .text.Reset_Handler
                0x0000000008002928       0x50 build/startup_stm32f407xx.o
                0x0000000008002928                Reset_Handler
 .text.Default_Handler
                0x0000000008002978        0x2 build/startup_stm32f407xx.o
                0x0000000008002978                RTC_Alarm_IRQHandler
                0x0000000008002978                HASH_RNG_IRQHandler
                0x0000000008002978                EXTI2_IRQHandler
                0x0000000008002978                TIM8_CC_IRQHandler
                0x0000000008002978                TIM1_CC_IRQHandler
                0x0000000008002978                DMA2_Stream5_IRQHandler
                0x0000000008002978                DMA1_Stream5_IRQHandler
                0x0000000008002978                PVD_IRQHandler
                0x0000000008002978                SDIO_IRQHandler
                0x0000000008002978                TAMP_STAMP_IRQHandler
                0x0000000008002978                CAN2_RX1_IRQHandler
                0x0000000008002978                EXTI3_IRQHandler
                0x0000000008002978                TIM8_TRG_COM_TIM14_IRQHandler
                0x0000000008002978                TIM1_UP_TIM10_IRQHandler
                0x0000000008002978                TIM8_UP_TIM13_IRQHandler
                0x0000000008002978                I2C3_ER_IRQHandler
                0x0000000008002978                I2C2_EV_IRQHandler
                0x0000000008002978                DMA1_Stream2_IRQHandler
                0x0000000008002978                CAN1_RX0_IRQHandler
                0x0000000008002978                FPU_IRQHandler
                0x0000000008002978                OTG_HS_WKUP_IRQHandler
                0x0000000008002978                CAN2_SCE_IRQHandler
                0x0000000008002978                DMA2_Stream2_IRQHandler
                0x0000000008002978                SPI1_IRQHandler
                0x0000000008002978                TIM6_DAC_IRQHandler
                0x0000000008002978                TIM1_BRK_TIM9_IRQHandler
                0x0000000008002978                DCMI_IRQHandler
                0x0000000008002978                CAN2_RX0_IRQHandler
                0x0000000008002978                DMA2_Stream3_IRQHandler
                0x0000000008002978                USART6_IRQHandler
                0x0000000008002978                USART3_IRQHandler
                0x0000000008002978                CAN1_RX1_IRQHandler
                0x0000000008002978                UART5_IRQHandler
                0x0000000008002978                DMA2_Stream0_IRQHandler
                0x0000000008002978                TIM4_IRQHandler
                0x0000000008002978                I2C1_EV_IRQHandler
                0x0000000008002978                DMA1_Stream6_IRQHandler
                0x0000000008002978                DMA1_Stream1_IRQHandler
                0x0000000008002978                UART4_IRQHandler
                0x0000000008002978                TIM3_IRQHandler
                0x0000000008002978                RCC_IRQHandler
                0x0000000008002978                TIM8_BRK_TIM12_IRQHandler
                0x0000000008002978                Default_Handler
                0x0000000008002978                EXTI15_10_IRQHandler
                0x0000000008002978                ADC_IRQHandler
                0x0000000008002978                DMA1_Stream7_IRQHandler
                0x0000000008002978                TIM7_IRQHandler
                0x0000000008002978                CAN2_TX_IRQHandler
                0x0000000008002978                TIM5_IRQHandler
                0x0000000008002978                DMA2_Stream7_IRQHandler
                0x0000000008002978                I2C3_EV_IRQHandler
                0x0000000008002978                EXTI9_5_IRQHandler
                0x0000000008002978                RTC_WKUP_IRQHandler
                0x0000000008002978                ETH_WKUP_IRQHandler
                0x0000000008002978                SPI2_IRQHandler
                0x0000000008002978                OTG_HS_EP1_IN_IRQHandler
                0x0000000008002978                DMA1_Stream0_IRQHandler
                0x0000000008002978                CAN1_TX_IRQHandler
                0x0000000008002978                EXTI4_IRQHandler
                0x0000000008002978                FSMC_IRQHandler
                0x0000000008002978                ETH_IRQHandler
                0x0000000008002978                OTG_HS_EP1_OUT_IRQHandler
                0x0000000008002978                WWDG_IRQHandler
                0x0000000008002978                TIM2_IRQHandler
                0x0000000008002978                OTG_FS_WKUP_IRQHandler
                0x0000000008002978                TIM1_TRG_COM_TIM11_IRQHandler
                0x0000000008002978                OTG_HS_IRQHandler
                0x0000000008002978                EXTI1_IRQHandler
                0x0000000008002978                USART2_IRQHandler
                0x0000000008002978                I2C2_ER_IRQHandler
                0x0000000008002978                DMA2_Stream1_IRQHandler
                0x0000000008002978                CAN1_SCE_IRQHandler
                0x0000000008002978                FLASH_IRQHandler
                0x0000000008002978                DMA2_Stream4_IRQHandler
                0x0000000008002978                USART1_IRQHandler
                0x0000000008002978                OTG_FS_IRQHandler
                0x0000000008002978                SPI3_IRQHandler
                0x0000000008002978                DMA1_Stream4_IRQHandler
                0x0000000008002978                I2C1_ER_IRQHandler
                0x0000000008002978                DMA2_Stream6_IRQHandler
                0x0000000008002978                DMA1_Stream3_IRQHandler
 *(.glue_7)
 .glue_7        0x000000000800297a        0x0 linker stubs
 *(.glue_7t)
 .glue_7t       0x000000000800297a        0x0 linker stubs
 *(.eh_frame)
 *fill*         0x000000000800297a        0x2 
 .eh_frame      0x000000000800297c        0x0 /usr/lib/gcc/arm-none-eabi/9.2.1/thumb/v7e-m+fp/hard/crtbegin.o
 *(.init)
 .init          0x000000000800297c        0x4 /usr/lib/gcc/arm-none-eabi/9.2.1/thumb/v7e-m+fp/hard/crti.o
                0x000000000800297c                _init
 .init          0x0000000008002980        0x8 /usr/lib/gcc/arm-none-eabi/9.2.1/thumb/v7e-m+fp/hard/crtn.o
 *(.fini)
 .fini          0x0000000008002988        0x4 /usr/lib/gcc/arm-none-eabi/9.2.1/thumb/v7e-m+fp/hard/crti.o
                0x0000000008002988                _fini
 .fini          0x000000000800298c        0x8 /usr/lib/gcc/arm-none-eabi/9.2.1/thumb/v7e-m+fp/hard/crtn.o
                0x0000000008002994                . = ALIGN (0x4)
                0x0000000008002994                _etext = .

.vfp11_veneer   0x0000000008002994        0x0
 .vfp11_veneer  0x0000000008002994        0x0 linker stubs

.v4_bx          0x0000000008002994        0x0
 .v4_bx         0x0000000008002994        0x0 linker stubs

.iplt           0x0000000008002994        0x0
 .iplt          0x0000000008002994        0x0 /usr/lib/gcc/arm-none-eabi/9.2.1/thumb/v7e-m+fp/hard/crtbegin.o

.rodata         0x0000000008002994       0x30
                0x0000000008002994                . = ALIGN (0x4)
 *(.rodata)
 *(.rodata*)
 .rodata.main.str1.4
                0x0000000008002994       0x16 build/main.o
 *fill*         0x00000000080029aa        0x2 
 .rodata.AHBPrescTable
                0x00000000080029ac       0x10 build/system_stm32f4xx.o
                0x00000000080029ac                AHBPrescTable
 .rodata.vTaskStartScheduler.str1.4
                0x00000000080029bc        0x5 build/tasks.o
                0x00000000080029c4                . = ALIGN (0x4)
 *fill*         0x00000000080029c1        0x3 

.ARM.extab
 *(.ARM.extab* .gnu.linkonce.armextab.*)

.ARM            0x00000000080029c4        0x8
                0x00000000080029c4                __exidx_start = .
 *(.ARM.exidx*)
 .ARM.exidx     0x00000000080029c4        0x8 /usr/lib/gcc/arm-none-eabi/9.2.1/thumb/v7e-m+fp/hard/libgcc.a(_udivmoddi4.o)
                0x00000000080029cc                __exidx_end = .

.rel.dyn        0x00000000080029cc        0x0
 .rel.iplt      0x00000000080029cc        0x0 /usr/lib/gcc/arm-none-eabi/9.2.1/thumb/v7e-m+fp/hard/crtbegin.o

.preinit_array  0x00000000080029cc        0x0
                0x00000000080029cc                PROVIDE (__preinit_array_start = .)
 *(.preinit_array*)
                0x00000000080029cc                PROVIDE (__preinit_array_end = .)

.init_array     0x00000000080029cc        0x4
                0x00000000080029cc                PROVIDE (__init_array_start = .)
 *(SORT_BY_NAME(.init_array.*))
 *(.init_array*)
 .init_array    0x00000000080029cc        0x4 /usr/lib/gcc/arm-none-eabi/9.2.1/thumb/v7e-m+fp/hard/crtbegin.o
                0x00000000080029d0                PROVIDE (__init_array_end = .)

.fini_array     0x00000000080029d0        0x4
                0x00000000080029d0                PROVIDE (__fini_array_start = .)
 *(SORT_BY_NAME(.fini_array.*))
 *(.fini_array*)
 .fini_array    0x00000000080029d0        0x4 /usr/lib/gcc/arm-none-eabi/9.2.1/thumb/v7e-m+fp/hard/crtbegin.o
                0x00000000080029d4                PROVIDE (__fini_array_end = .)
                0x00000000080029d4                _sidata = LOADADDR (.data)

.data           0x0000000020000000       0x14 load address 0x00000000080029d4
                0x0000000020000000                . = ALIGN (0x4)
                0x0000000020000000                _sdata = .
 *(.data)
 *(.data*)
 .data.uwTickFreq
                0x0000000020000000        0x1 build/stm32f4xx_hal.o
                0x0000000020000000                uwTickFreq
 *fill*         0x0000000020000001        0x3 
 .data.uwTickPrio
                0x0000000020000004        0x4 build/stm32f4xx_hal.o
                0x0000000020000004                uwTickPrio
 .data.SystemCoreClock
                0x0000000020000008        0x4 build/system_stm32f4xx.o
                0x0000000020000008                SystemCoreClock
 .data.uxCriticalNesting
                0x000000002000000c        0x4 build/port.o
 .data.xFreeBytesRemaining
                0x0000000020000010        0x4 build/heap_2.o
                0x0000000020000014                . = ALIGN (0x4)
                0x0000000020000014                _edata = .
                0x00000000080029e8                _siccmram = LOADADDR (.ccmram)

.tm_clone_table
                0x0000000020000014        0x0 load address 0x00000000080029e8
 .tm_clone_table
                0x0000000020000014        0x0 /usr/lib/gcc/arm-none-eabi/9.2.1/thumb/v7e-m+fp/hard/crtbegin.o
 .tm_clone_table
                0x0000000020000014        0x0 /usr/lib/gcc/arm-none-eabi/9.2.1/thumb/v7e-m+fp/hard/crtend.o

.igot.plt       0x0000000020000014        0x0 load address 0x00000000080029e8
 .igot.plt      0x0000000020000014        0x0 /usr/lib/gcc/arm-none-eabi/9.2.1/thumb/v7e-m+fp/hard/crtbegin.o

.ccmram         0x0000000010000000        0x0 load address 0x00000000080029e8
                0x0000000010000000                . = ALIGN (0x4)
                0x0000000010000000                _sccmram = .
 *(.ccmram)
 *(.ccmram*)
                0x0000000010000000                . = ALIGN (0x4)
                0x0000000010000000                _eccmram = .
                0x0000000010000000                . = ALIGN (0x4)

.bss            0x0000000020000014     0x3fc8
                0x0000000020000014                _sbss = .
                0x0000000020000014                __bss_start__ = _sbss
 *(.bss)
 .bss           0x0000000020000014       0x1c /usr/lib/gcc/arm-none-eabi/9.2.1/thumb/v7e-m+fp/hard/crtbegin.o
 *(.bss*)
 .bss.buttonPressed
                0x0000000020000030        0x1 build/main.o
                0x0000000020000030                buttonPressed
 *fill*         0x0000000020000031        0x3 
 .bss.xIdleStack
                0x0000000020000034      0x200 build/freertos.o
 .bss.xIdleTaskTCBBuffer
                0x0000000020000234       0x54 build/freertos.o
 .bss.pxCurrentTCB
                0x0000000020000288        0x4 build/tasks.o
                0x0000000020000288                pxCurrentTCB
 .bss.pxDelayedTaskList
                0x000000002000028c        0x4 build/tasks.o
 .bss.pxOverflowDelayedTaskList
                0x0000000020000290        0x4 build/tasks.o
 .bss.pxReadyTasksLists
                0x0000000020000294       0x8c build/tasks.o
 .bss.uxCurrentNumberOfTasks
                0x0000000020000320        0x4 build/tasks.o
 .bss.uxDeletedTasksWaitingCleanUp
                0x0000000020000324        0x4 build/tasks.o
 .bss.uxSchedulerSuspended
                0x0000000020000328        0x4 build/tasks.o
 .bss.uxTaskNumber
                0x000000002000032c        0x4 build/tasks.o
 .bss.uxTopReadyPriority
                0x0000000020000330        0x4 build/tasks.o
 .bss.xDelayedTaskList1
                0x0000000020000334       0x14 build/tasks.o
 .bss.xDelayedTaskList2
                0x0000000020000348       0x14 build/tasks.o
 .bss.xNextTaskUnblockTime
                0x000000002000035c        0x4 build/tasks.o
 .bss.xNumOfOverflows
                0x0000000020000360        0x4 build/tasks.o
 .bss.xPendedTicks
                0x0000000020000364        0x4 build/tasks.o
 .bss.xPendingReadyList
                0x0000000020000368       0x14 build/tasks.o
 .bss.xSchedulerRunning
                0x000000002000037c        0x4 build/tasks.o
 .bss.xSuspendedTaskList
                0x0000000020000380       0x14 build/tasks.o
 .bss.xTasksWaitingTermination
                0x0000000020000394       0x14 build/tasks.o
 .bss.xTickCount
                0x00000000200003a8        0x4 build/tasks.o
 .bss.xYieldPending
                0x00000000200003ac        0x4 build/tasks.o
 .bss.ucMaxSysCallPriority
                0x00000000200003b0        0x1 build/port.o
 *fill*         0x00000000200003b1        0x3 
 .bss.ulMaxPRIGROUPValue
                0x00000000200003b4        0x4 build/port.o
 .bss.ucHeap    0x00000000200003b8     0x3c00 build/heap_2.o
 .bss.xEnd      0x0000000020003fb8        0x8 build/heap_2.o
 .bss.xHeapHasBeenInitialised.6542
                0x0000000020003fc0        0x4 build/heap_2.o
 .bss.xStart    0x0000000020003fc4        0x8 build/heap_2.o
 *(COMMON)
 COMMON         0x0000000020003fcc        0xc build/main.o
                0x0000000020003fcc                xTaskHandle2
                0x0000000020003fd0                xTaskHandle1
                0x0000000020003fd4                xBinarySemaphore
 COMMON         0x0000000020003fd8        0x4 build/stm32f4xx_hal.o
                0x0000000020003fd8                uwTick
                0x0000000020003fdc                . = ALIGN (0x4)
                0x0000000020003fdc                _ebss = .
                0x0000000020003fdc                __bss_end__ = _ebss

._user_heap_stack
                0x0000000020003fdc      0x604
                0x0000000020003fe0                . = ALIGN (0x8)
 *fill*         0x0000000020003fdc        0x4 
                [!provide]                        PROVIDE (end = .)
                [!provide]                        PROVIDE (_end = .)
                0x00000000200041e0                . = (. + _Min_Heap_Size)
 *fill*         0x0000000020003fe0      0x200 
                0x00000000200045e0                . = (. + _Min_Stack_Size)
 *fill*         0x00000000200041e0      0x400 
                0x00000000200045e0                . = ALIGN (0x8)

/DISCARD/
 libc.a(*)
 libm.a(*)
 libgcc.a(*)

.ARM.attributes
                0x0000000000000000       0x30
 *(.ARM.attributes)
 .ARM.attributes
                0x0000000000000000       0x1e /usr/lib/gcc/arm-none-eabi/9.2.1/thumb/v7e-m+fp/hard/crti.o
 .ARM.attributes
                0x000000000000001e       0x34 /usr/lib/gcc/arm-none-eabi/9.2.1/thumb/v7e-m+fp/hard/crtbegin.o
 .ARM.attributes
                0x0000000000000052       0x34 build/main.o
 .ARM.attributes
                0x0000000000000086       0x34 build/stm32f4xx_it.o
 .ARM.attributes
                0x00000000000000ba       0x34 build/stm32f4xx_hal_msp.o
 .ARM.attributes
                0x00000000000000ee       0x34 build/stm32f4xx_hal_rcc.o
 .ARM.attributes
                0x0000000000000122       0x34 build/stm32f4xx_hal_gpio.o
 .ARM.attributes
                0x0000000000000156       0x34 build/stm32f4xx_hal_cortex.o
 .ARM.attributes
                0x000000000000018a       0x34 build/stm32f4xx_hal.o
 .ARM.attributes
                0x00000000000001be       0x34 build/system_stm32f4xx.o
 .ARM.attributes
                0x00000000000001f2       0x34 build/gpio.o
 .ARM.attributes
                0x0000000000000226       0x34 build/freertos.o
 .ARM.attributes
                0x000000000000025a       0x34 build/list.o
 .ARM.attributes
                0x000000000000028e       0x34 build/queue.o
 .ARM.attributes
                0x00000000000002c2       0x34 build/tasks.o
 .ARM.attributes
                0x00000000000002f6       0x34 build/port.o
 .ARM.attributes
                0x000000000000032a       0x34 build/heap_2.o
 .ARM.attributes
                0x000000000000035e       0x21 build/startup_stm32f407xx.o
 .ARM.attributes
                0x000000000000037f       0x34 /usr/lib/gcc/arm-none-eabi/9.2.1/../../../arm-none-eabi/lib/thumb/v7e-m+fp/hard/libc_nano.a(lib_a-init.o)
 .ARM.attributes
                0x00000000000003b3       0x1c /usr/lib/gcc/arm-none-eabi/9.2.1/../../../arm-none-eabi/lib/thumb/v7e-m+fp/hard/libc_nano.a(lib_a-memcpy.o)
 .ARM.attributes
                0x00000000000003cf       0x34 /usr/lib/gcc/arm-none-eabi/9.2.1/../../../arm-none-eabi/lib/thumb/v7e-m+fp/hard/libc_nano.a(lib_a-memset.o)
 .ARM.attributes
                0x0000000000000403       0x1e /usr/lib/gcc/arm-none-eabi/9.2.1/thumb/v7e-m+fp/hard/libgcc.a(_aeabi_uldivmod.o)
 .ARM.attributes
                0x0000000000000421       0x34 /usr/lib/gcc/arm-none-eabi/9.2.1/thumb/v7e-m+fp/hard/libgcc.a(_udivmoddi4.o)
 .ARM.attributes
                0x0000000000000455       0x1e /usr/lib/gcc/arm-none-eabi/9.2.1/thumb/v7e-m+fp/hard/libgcc.a(_dvmd_tls.o)
 .ARM.attributes
                0x0000000000000473       0x32 /usr/lib/gcc/arm-none-eabi/9.2.1/thumb/v7e-m+fp/hard/crtend.o
 .ARM.attributes
                0x00000000000004a5       0x1e /usr/lib/gcc/arm-none-eabi/9.2.1/thumb/v7e-m+fp/hard/crtn.o
OUTPUT(build/Lab_GPIO.elf elf32-littlearm)
LOAD linker stubs
LOAD /usr/lib/gcc/arm-none-eabi/9.2.1/../../../arm-none-eabi/lib/thumb/v7e-m+fp/hard/libc.a
LOAD /usr/lib/gcc/arm-none-eabi/9.2.1/../../../arm-none-eabi/lib/thumb/v7e-m+fp/hard/libm.a
LOAD /usr/lib/gcc/arm-none-eabi/9.2.1/thumb/v7e-m+fp/hard/libgcc.a

.comment        0x0000000000000000       0xa7
 .comment       0x0000000000000000       0x59 /usr/lib/gcc/arm-none-eabi/9.2.1/thumb/v7e-m+fp/hard/crtbegin.o
                                         0x5a (size before relaxing)
 .comment       0x0000000000000059       0x5a build/main.o
 .comment       0x0000000000000059       0x5a build/stm32f4xx_it.o
 .comment       0x0000000000000059       0x5a build/stm32f4xx_hal_msp.o
 .comment       0x0000000000000059       0x5a build/stm32f4xx_hal_rcc.o
 .comment       0x0000000000000059       0x5a build/stm32f4xx_hal_gpio.o
 .comment       0x0000000000000059       0x5a build/stm32f4xx_hal_cortex.o
 .comment       0x0000000000000059       0x5a build/stm32f4xx_hal.o
 .comment       0x0000000000000059       0x5a build/system_stm32f4xx.o
 .comment       0x0000000000000059       0x5a build/gpio.o
 .comment       0x0000000000000059       0x5a build/freertos.o
 .comment       0x0000000000000059       0x5a build/list.o
 .comment       0x0000000000000059       0x5a build/queue.o
 .comment       0x0000000000000059       0x5a build/tasks.o
 .comment       0x0000000000000059       0x5a build/port.o
 .comment       0x0000000000000059       0x5a build/heap_2.o
 .comment       0x0000000000000059       0x4e /usr/lib/gcc/arm-none-eabi/9.2.1/../../../arm-none-eabi/lib/thumb/v7e-m+fp/hard/libc_nano.a(lib_a-init.o)
                                         0x4f (size before relaxing)
 .comment       0x00000000000000a7       0x4f /usr/lib/gcc/arm-none-eabi/9.2.1/../../../arm-none-eabi/lib/thumb/v7e-m+fp/hard/libc_nano.a(lib_a-memset.o)
 .comment       0x00000000000000a7       0x5a /usr/lib/gcc/arm-none-eabi/9.2.1/thumb/v7e-m+fp/hard/libgcc.a(_udivmoddi4.o)
 .comment       0x00000000000000a7       0x5a /usr/lib/gcc/arm-none-eabi/9.2.1/thumb/v7e-m+fp/hard/crtend.o

.debug_info     0x0000000000000000     0xfae7
 .debug_info    0x0000000000000000      0xc73 build/main.o
 .debug_info    0x0000000000000c73      0x2a8 build/stm32f4xx_it.o
 .debug_info    0x0000000000000f1b      0x617 build/stm32f4xx_hal_msp.o
 .debug_info    0x0000000000001532      0xc08 build/stm32f4xx_hal_rcc.o
 .debug_info    0x000000000000213a      0x8fa build/stm32f4xx_hal_gpio.o
 .debug_info    0x0000000000002a34     0x121a build/stm32f4xx_hal_cortex.o
 .debug_info    0x0000000000003c4e      0xb3a build/stm32f4xx_hal.o
 .debug_info    0x0000000000004788      0x618 build/system_stm32f4xx.o
 .debug_info    0x0000000000004da0      0x8f6 build/gpio.o
 .debug_info    0x0000000000005696      0x550 build/freertos.o
 .debug_info    0x0000000000005be6      0xc8c build/list.o
 .debug_info    0x0000000000006872     0x2d58 build/queue.o
 .debug_info    0x00000000000095ca     0x3412 build/tasks.o
 .debug_info    0x000000000000c9dc      0x5b0 build/port.o
 .debug_info    0x000000000000cf8c      0xd10 build/heap_2.o
 .debug_info    0x000000000000dc9c       0x22 build/startup_stm32f407xx.o
 .debug_info    0x000000000000dcbe      0x11a /usr/lib/gcc/arm-none-eabi/9.2.1/../../../arm-none-eabi/lib/thumb/v7e-m+fp/hard/libc_nano.a(lib_a-init.o)
 .debug_info    0x000000000000ddd8       0x26 /usr/lib/gcc/arm-none-eabi/9.2.1/../../../arm-none-eabi/lib/thumb/v7e-m+fp/hard/libc_nano.a(lib_a-memcpy.o)
 .debug_info    0x000000000000ddfe      0xf21 /usr/lib/gcc/arm-none-eabi/9.2.1/../../../arm-none-eabi/lib/thumb/v7e-m+fp/hard/libc_nano.a(lib_a-memset.o)
 .debug_info    0x000000000000ed1f       0x26 /usr/lib/gcc/arm-none-eabi/9.2.1/thumb/v7e-m+fp/hard/libgcc.a(_aeabi_uldivmod.o)
 .debug_info    0x000000000000ed45      0xd7c /usr/lib/gcc/arm-none-eabi/9.2.1/thumb/v7e-m+fp/hard/libgcc.a(_udivmoddi4.o)
 .debug_info    0x000000000000fac1       0x26 /usr/lib/gcc/arm-none-eabi/9.2.1/thumb/v7e-m+fp/hard/libgcc.a(_dvmd_tls.o)

.debug_abbrev   0x0000000000000000     0x2998
 .debug_abbrev  0x0000000000000000      0x2af build/main.o
 .debug_abbrev  0x00000000000002af      0x11d build/stm32f4xx_it.o
 .debug_abbrev  0x00000000000003cc      0x149 build/stm32f4xx_hal_msp.o
 .debug_abbrev  0x0000000000000515      0x2cd build/stm32f4xx_hal_rcc.o
 .debug_abbrev  0x00000000000007e2      0x258 build/stm32f4xx_hal_gpio.o
 .debug_abbrev  0x0000000000000a3a      0x3a8 build/stm32f4xx_hal_cortex.o
 .debug_abbrev  0x0000000000000de2      0x21c build/stm32f4xx_hal.o
 .debug_abbrev  0x0000000000000ffe      0x14a build/system_stm32f4xx.o
 .debug_abbrev  0x0000000000001148      0x1c3 build/gpio.o
 .debug_abbrev  0x000000000000130b      0x1b1 build/freertos.o
 .debug_abbrev  0x00000000000014bc      0x245 build/list.o
 .debug_abbrev  0x0000000000001701      0x44c build/queue.o
 .debug_abbrev  0x0000000000001b4d      0x448 build/tasks.o
 .debug_abbrev  0x0000000000001f95      0x28a build/port.o
 .debug_abbrev  0x000000000000221f      0x2c4 build/heap_2.o
 .debug_abbrev  0x00000000000024e3       0x12 build/startup_stm32f407xx.o
 .debug_abbrev  0x00000000000024f5       0xcc /usr/lib/gcc/arm-none-eabi/9.2.1/../../../arm-none-eabi/lib/thumb/v7e-m+fp/hard/libc_nano.a(lib_a-init.o)
 .debug_abbrev  0x00000000000025c1       0x14 /usr/lib/gcc/arm-none-eabi/9.2.1/../../../arm-none-eabi/lib/thumb/v7e-m+fp/hard/libc_nano.a(lib_a-memcpy.o)
 .debug_abbrev  0x00000000000025d5      0x1d9 /usr/lib/gcc/arm-none-eabi/9.2.1/../../../arm-none-eabi/lib/thumb/v7e-m+fp/hard/libc_nano.a(lib_a-memset.o)
 .debug_abbrev  0x00000000000027ae       0x14 /usr/lib/gcc/arm-none-eabi/9.2.1/thumb/v7e-m+fp/hard/libgcc.a(_aeabi_uldivmod.o)
 .debug_abbrev  0x00000000000027c2      0x1c2 /usr/lib/gcc/arm-none-eabi/9.2.1/thumb/v7e-m+fp/hard/libgcc.a(_udivmoddi4.o)
 .debug_abbrev  0x0000000000002984       0x14 /usr/lib/gcc/arm-none-eabi/9.2.1/thumb/v7e-m+fp/hard/libgcc.a(_dvmd_tls.o)

.debug_loc      0x0000000000000000     0x72d1
 .debug_loc     0x0000000000000000      0x1a8 build/main.o
 .debug_loc     0x00000000000001a8       0x40 build/stm32f4xx_it.o
 .debug_loc     0x00000000000001e8       0x38 build/stm32f4xx_hal_msp.o
 .debug_loc     0x0000000000000220      0x6c7 build/stm32f4xx_hal_rcc.o
 .debug_loc     0x00000000000008e7      0x5db build/stm32f4xx_hal_gpio.o
 .debug_loc     0x0000000000000ec2      0x7d4 build/stm32f4xx_hal_cortex.o
 .debug_loc     0x0000000000001696      0x1e1 build/stm32f4xx_hal.o
 .debug_loc     0x0000000000001877      0x16c build/system_stm32f4xx.o
 .debug_loc     0x00000000000019e3      0x135 build/gpio.o
 .debug_loc     0x0000000000001b18       0x7d build/freertos.o
 .debug_loc     0x0000000000001b95       0xe5 build/list.o
 .debug_loc     0x0000000000001c7a     0x1a8b build/queue.o
 .debug_loc     0x0000000000003705     0x24f2 build/tasks.o
 .debug_loc     0x0000000000005bf7      0x1c0 build/port.o
 .debug_loc     0x0000000000005db7      0x28d build/heap_2.o
 .debug_loc     0x0000000000006044       0xba /usr/lib/gcc/arm-none-eabi/9.2.1/../../../arm-none-eabi/lib/thumb/v7e-m+fp/hard/libc_nano.a(lib_a-init.o)
 .debug_loc     0x00000000000060fe      0x231 /usr/lib/gcc/arm-none-eabi/9.2.1/../../../arm-none-eabi/lib/thumb/v7e-m+fp/hard/libc_nano.a(lib_a-memset.o)
 .debug_loc     0x000000000000632f      0xfa2 /usr/lib/gcc/arm-none-eabi/9.2.1/thumb/v7e-m+fp/hard/libgcc.a(_udivmoddi4.o)

.debug_aranges  0x0000000000000000      0x860
 .debug_aranges
                0x0000000000000000       0x48 build/main.o
 .debug_aranges
                0x0000000000000048       0x58 build/stm32f4xx_it.o
 .debug_aranges
                0x00000000000000a0       0x20 build/stm32f4xx_hal_msp.o
 .debug_aranges
                0x00000000000000c0       0x88 build/stm32f4xx_hal_rcc.o
 .debug_aranges
                0x0000000000000148       0x58 build/stm32f4xx_hal_gpio.o
 .debug_aranges
                0x00000000000001a0       0xa8 build/stm32f4xx_hal_cortex.o
 .debug_aranges
                0x0000000000000248       0xf0 build/stm32f4xx_hal.o
 .debug_aranges
                0x0000000000000338       0x28 build/system_stm32f4xx.o
 .debug_aranges
                0x0000000000000360       0x28 build/gpio.o
 .debug_aranges
                0x0000000000000388       0x30 build/freertos.o
 .debug_aranges
                0x00000000000003b8       0x40 build/list.o
 .debug_aranges
                0x00000000000003f8      0x108 build/queue.o
 .debug_aranges
                0x0000000000000500      0x1b8 build/tasks.o
 .debug_aranges
                0x00000000000006b8       0x80 build/port.o
 .debug_aranges
                0x0000000000000738       0x40 build/heap_2.o
 .debug_aranges
                0x0000000000000778       0x28 build/startup_stm32f407xx.o
 .debug_aranges
                0x00000000000007a0       0x20 /usr/lib/gcc/arm-none-eabi/9.2.1/../../../arm-none-eabi/lib/thumb/v7e-m+fp/hard/libc_nano.a(lib_a-init.o)
 .debug_aranges
                0x00000000000007c0       0x20 /usr/lib/gcc/arm-none-eabi/9.2.1/../../../arm-none-eabi/lib/thumb/v7e-m+fp/hard/libc_nano.a(lib_a-memcpy.o)
 .debug_aranges
                0x00000000000007e0       0x20 /usr/lib/gcc/arm-none-eabi/9.2.1/../../../arm-none-eabi/lib/thumb/v7e-m+fp/hard/libc_nano.a(lib_a-memset.o)
 .debug_aranges
                0x0000000000000800       0x20 /usr/lib/gcc/arm-none-eabi/9.2.1/thumb/v7e-m+fp/hard/libgcc.a(_aeabi_uldivmod.o)
 .debug_aranges
                0x0000000000000820       0x20 /usr/lib/gcc/arm-none-eabi/9.2.1/thumb/v7e-m+fp/hard/libgcc.a(_udivmoddi4.o)
 .debug_aranges
                0x0000000000000840       0x20 /usr/lib/gcc/arm-none-eabi/9.2.1/thumb/v7e-m+fp/hard/libgcc.a(_dvmd_tls.o)

.debug_ranges   0x0000000000000000      0x998
 .debug_ranges  0x0000000000000000       0x38 build/main.o
 .debug_ranges  0x0000000000000038       0x48 build/stm32f4xx_it.o
 .debug_ranges  0x0000000000000080       0x10 build/stm32f4xx_hal_msp.o
 .debug_ranges  0x0000000000000090       0x90 build/stm32f4xx_hal_rcc.o
 .debug_ranges  0x0000000000000120       0x48 build/stm32f4xx_hal_gpio.o
 .debug_ranges  0x0000000000000168       0xf8 build/stm32f4xx_hal_cortex.o
 .debug_ranges  0x0000000000000260       0xe0 build/stm32f4xx_hal.o
 .debug_ranges  0x0000000000000340       0x18 build/system_stm32f4xx.o
 .debug_ranges  0x0000000000000358       0x18 build/gpio.o
 .debug_ranges  0x0000000000000370       0x20 build/freertos.o
 .debug_ranges  0x0000000000000390       0x30 build/list.o
 .debug_ranges  0x00000000000003c0      0x1c8 build/queue.o
 .debug_ranges  0x0000000000000588      0x270 build/tasks.o
 .debug_ranges  0x00000000000007f8       0x88 build/port.o
 .debug_ranges  0x0000000000000880       0x30 build/heap_2.o
 .debug_ranges  0x00000000000008b0       0x20 build/startup_stm32f407xx.o
 .debug_ranges  0x00000000000008d0       0xc8 /usr/lib/gcc/arm-none-eabi/9.2.1/thumb/v7e-m+fp/hard/libgcc.a(_udivmoddi4.o)

.debug_line     0x0000000000000000     0x8518
 .debug_line    0x0000000000000000      0x412 build/main.o
 .debug_line    0x0000000000000412      0x2d2 build/stm32f4xx_it.o
 .debug_line    0x00000000000006e4      0x15a build/stm32f4xx_hal_msp.o
 .debug_line    0x000000000000083e      0xaac build/stm32f4xx_hal_rcc.o
 .debug_line    0x00000000000012ea      0x6a5 build/stm32f4xx_hal_gpio.o
 .debug_line    0x000000000000198f      0x718 build/stm32f4xx_hal_cortex.o
 .debug_line    0x00000000000020a7      0x4db build/stm32f4xx_hal.o
 .debug_line    0x0000000000002582      0x1fc build/system_stm32f4xx.o
 .debug_line    0x000000000000277e      0x1f7 build/gpio.o
 .debug_line    0x0000000000002975      0x26c build/freertos.o
 .debug_line    0x0000000000002be1      0x351 build/list.o
 .debug_line    0x0000000000002f32     0x1b9d build/queue.o
 .debug_line    0x0000000000004acf     0x2473 build/tasks.o
 .debug_line    0x0000000000006f42      0x671 build/port.o
 .debug_line    0x00000000000075b3      0x3df build/heap_2.o
 .debug_line    0x0000000000007992       0x76 build/startup_stm32f407xx.o
 .debug_line    0x0000000000007a08      0x10d /usr/lib/gcc/arm-none-eabi/9.2.1/../../../arm-none-eabi/lib/thumb/v7e-m+fp/hard/libc_nano.a(lib_a-init.o)
 .debug_line    0x0000000000007b15       0xbe /usr/lib/gcc/arm-none-eabi/9.2.1/../../../arm-none-eabi/lib/thumb/v7e-m+fp/hard/libc_nano.a(lib_a-memcpy.o)
 .debug_line    0x0000000000007bd3      0x26b /usr/lib/gcc/arm-none-eabi/9.2.1/../../../arm-none-eabi/lib/thumb/v7e-m+fp/hard/libc_nano.a(lib_a-memset.o)
 .debug_line    0x0000000000007e3e       0x60 /usr/lib/gcc/arm-none-eabi/9.2.1/thumb/v7e-m+fp/hard/libgcc.a(_aeabi_uldivmod.o)
 .debug_line    0x0000000000007e9e      0x61a /usr/lib/gcc/arm-none-eabi/9.2.1/thumb/v7e-m+fp/hard/libgcc.a(_udivmoddi4.o)
 .debug_line    0x00000000000084b8       0x60 /usr/lib/gcc/arm-none-eabi/9.2.1/thumb/v7e-m+fp/hard/libgcc.a(_dvmd_tls.o)

.debug_str      0x0000000000000000     0x4aac
 .debug_str     0x0000000000000000      0xb7f build/main.o
                                        0xbe7 (size before relaxing)
 .debug_str     0x0000000000000b7f       0xee build/stm32f4xx_it.o
                                        0x36e (size before relaxing)
 .debug_str     0x0000000000000c6d       0x3e build/stm32f4xx_hal_msp.o
                                        0x896 (size before relaxing)
 .debug_str     0x0000000000000cab      0x27c build/stm32f4xx_hal_rcc.o
                                        0x76e (size before relaxing)
 .debug_str     0x0000000000000f27      0x12a build/stm32f4xx_hal_gpio.o
                                        0x59b (size before relaxing)
 .debug_str     0x0000000000001051      0x4bb build/stm32f4xx_hal_cortex.o
                                        0xce0 (size before relaxing)
 .debug_str     0x000000000000150c      0x229 build/stm32f4xx_hal.o
                                        0xba1 (size before relaxing)
 .debug_str     0x0000000000001735       0x47 build/system_stm32f4xx.o
                                        0x40f (size before relaxing)
 .debug_str     0x000000000000177c       0x20 build/gpio.o
                                        0x982 (size before relaxing)
 .debug_str     0x000000000000179c      0x2a0 build/freertos.o
                                        0x575 (size before relaxing)
 .debug_str     0x0000000000001a3c      0x4d2 build/list.o
                                        0x709 (size before relaxing)
 .debug_str     0x0000000000001f0e      0x7ed build/queue.o
                                        0xf5f (size before relaxing)
 .debug_str     0x00000000000026fb      0x953 build/tasks.o
                                       0x140d (size before relaxing)
 .debug_str     0x000000000000304e      0x17d build/port.o
                                        0x486 (size before relaxing)
 .debug_str     0x00000000000031cb      0x15f build/heap_2.o
                                        0x75e (size before relaxing)
 .debug_str     0x000000000000332a       0x22 build/startup_stm32f407xx.o
                                         0x5f (size before relaxing)
 .debug_str     0x000000000000334c      0x187 /usr/lib/gcc/arm-none-eabi/9.2.1/../../../arm-none-eabi/lib/thumb/v7e-m+fp/hard/libc_nano.a(lib_a-init.o)
                                        0x229 (size before relaxing)
 .debug_str     0x00000000000034d3       0xaa /usr/lib/gcc/arm-none-eabi/9.2.1/../../../arm-none-eabi/lib/thumb/v7e-m+fp/hard/libc_nano.a(lib_a-memcpy.o)
                                         0xb6 (size before relaxing)
 .debug_str     0x000000000000357d      0x387 /usr/lib/gcc/arm-none-eabi/9.2.1/../../../arm-none-eabi/lib/thumb/v7e-m+fp/hard/libc_nano.a(lib_a-memset.o)
                                        0x90f (size before relaxing)
 .debug_str     0x0000000000003904       0x97 /usr/lib/gcc/arm-none-eabi/9.2.1/thumb/v7e-m+fp/hard/libgcc.a(_aeabi_uldivmod.o)
                                         0xa3 (size before relaxing)
 .debug_str     0x000000000000399b     0x10e1 /usr/lib/gcc/arm-none-eabi/9.2.1/thumb/v7e-m+fp/hard/libgcc.a(_udivmoddi4.o)
                                       0x11e6 (size before relaxing)
 .debug_str     0x0000000000004a7c       0x30 /usr/lib/gcc/arm-none-eabi/9.2.1/thumb/v7e-m+fp/hard/libgcc.a(_dvmd_tls.o)
                                         0xa7 (size before relaxing)

.debug_frame    0x0000000000000000     0x1370
 .debug_frame   0x0000000000000000       0xa0 build/main.o
 .debug_frame   0x00000000000000a0       0xa0 build/stm32f4xx_it.o
 .debug_frame   0x0000000000000140       0x2c build/stm32f4xx_hal_msp.o
 .debug_frame   0x000000000000016c      0x174 build/stm32f4xx_hal_rcc.o
 .debug_frame   0x00000000000002e0       0xd8 build/stm32f4xx_hal_gpio.o
 .debug_frame   0x00000000000003b8      0x15c build/stm32f4xx_hal_cortex.o
 .debug_frame   0x0000000000000514      0x1ec build/stm32f4xx_hal.o
 .debug_frame   0x0000000000000700       0x30 build/system_stm32f4xx.o
 .debug_frame   0x0000000000000730       0x4c build/gpio.o
 .debug_frame   0x000000000000077c       0x58 build/freertos.o
 .debug_frame   0x00000000000007d4       0x70 build/list.o
 .debug_frame   0x0000000000000844      0x35c build/queue.o
 .debug_frame   0x0000000000000ba0      0x580 build/tasks.o
 .debug_frame   0x0000000000001120      0x10c build/port.o
 .debug_frame   0x000000000000122c       0x80 build/heap_2.o
 .debug_frame   0x00000000000012ac       0x2c /usr/lib/gcc/arm-none-eabi/9.2.1/../../../arm-none-eabi/lib/thumb/v7e-m+fp/hard/libc_nano.a(lib_a-init.o)
 .debug_frame   0x00000000000012d8       0x38 /usr/lib/gcc/arm-none-eabi/9.2.1/../../../arm-none-eabi/lib/thumb/v7e-m+fp/hard/libc_nano.a(lib_a-memset.o)
 .debug_frame   0x0000000000001310       0x2c /usr/lib/gcc/arm-none-eabi/9.2.1/thumb/v7e-m+fp/hard/libgcc.a(_aeabi_uldivmod.o)
 .debug_frame   0x000000000000133c       0x34 /usr/lib/gcc/arm-none-eabi/9.2.1/thumb/v7e-m+fp/hard/libgcc.a(_udivmoddi4.o)

Cross Reference Table

Symbol                                            File
ADC_IRQHandler                                    build/startup_stm32f407xx.o
AHBPrescTable                                     build/system_stm32f4xx.o
                                                  build/stm32f4xx_hal_rcc.o
APBPrescTable                                     build/system_stm32f4xx.o
                                                  build/stm32f4xx_hal_rcc.o
BusFault_Handler                                  build/stm32f4xx_it.o
CAN1_RX0_IRQHandler                               build/startup_stm32f407xx.o
CAN1_RX1_IRQHandler                               build/startup_stm32f407xx.o
CAN1_SCE_IRQHandler                               build/startup_stm32f407xx.o
CAN1_TX_IRQHandler                                build/startup_stm32f407xx.o
CAN2_RX0_IRQHandler                               build/startup_stm32f407xx.o
CAN2_RX1_IRQHandler                               build/startup_stm32f407xx.o
CAN2_SCE_IRQHandler                               build/startup_stm32f407xx.o
CAN2_TX_IRQHandler                                build/startup_stm32f407xx.o
DCMI_IRQHandler                                   build/startup_stm32f407xx.o
DMA1_Stream0_IRQHandler                           build/startup_stm32f407xx.o
DMA1_Stream1_IRQHandler                           build/startup_stm32f407xx.o
DMA1_Stream2_IRQHandler                           build/startup_stm32f407xx.o
DMA1_Stream3_IRQHandler                           build/startup_stm32f407xx.o
DMA1_Stream4_IRQHandler                           build/startup_stm32f407xx.o
DMA1_Stream5_IRQHandler                           build/startup_stm32f407xx.o
DMA1_Stream6_IRQHandler                           build/startup_stm32f407xx.o
DMA1_Stream7_IRQHandler                           build/startup_stm32f407xx.o
DMA2_Stream0_IRQHandler                           build/startup_stm32f407xx.o
DMA2_Stream1_IRQHandler                           build/startup_stm32f407xx.o
DMA2_Stream2_IRQHandler                           build/startup_stm32f407xx.o
DMA2_Stream3_IRQHandler                           build/startup_stm32f407xx.o
DMA2_Stream4_IRQHandler                           build/startup_stm32f407xx.o
DMA2_Stream5_IRQHandler                           build/startup_stm32f407xx.o
DMA2_Stream6_IRQHandler                           build/startup_stm32f407xx.o
DMA2_Stream7_IRQHandler                           build/startup_stm32f407xx.o
DebugMon_Handler                                  build/stm32f4xx_it.o
Default_Handler                                   build/startup_stm32f407xx.o
ETH_IRQHandler                                    build/startup_stm32f407xx.o
ETH_WKUP_IRQHandler                               build/startup_stm32f407xx.o
EXTI0_IRQHandler                                  build/stm32f4xx_it.o
EXTI15_10_IRQHandler                              build/startup_stm32f407xx.o
EXTI1_IRQHandler                                  build/startup_stm32f407xx.o
EXTI2_IRQHandler                                  build/startup_stm32f407xx.o
EXTI3_IRQHandler                                  build/startup_stm32f407xx.o
EXTI4_IRQHandler                                  build/startup_stm32f407xx.o
EXTI9_5_IRQHandler                                build/startup_stm32f407xx.o
Error_Handler                                     build/main.o
FLASH_Erase_Sector                                build/stm32f4xx_hal_flash_ex.o
                                                  build/stm32f4xx_hal_flash.o
FLASH_FlushCaches                                 build/stm32f4xx_hal_flash_ex.o
                                                  build/stm32f4xx_hal_flash.o
FLASH_IRQHandler                                  build/startup_stm32f407xx.o
FLASH_WaitForLastOperation                        build/stm32f4xx_hal_flash.o
                                                  build/stm32f4xx_hal_flash_ex.o
FPU_IRQHandler                                    build/startup_stm32f407xx.o
FSMC_IRQHandler                                   build/startup_stm32f407xx.o
HAL_DBGMCU_DisableDBGSleepMode                    build/stm32f4xx_hal.o
HAL_DBGMCU_DisableDBGStandbyMode                  build/stm32f4xx_hal.o
HAL_DBGMCU_DisableDBGStopMode                     build/stm32f4xx_hal.o
HAL_DBGMCU_EnableDBGSleepMode                     build/stm32f4xx_hal.o
HAL_DBGMCU_EnableDBGStandbyMode                   build/stm32f4xx_hal.o
HAL_DBGMCU_EnableDBGStopMode                      build/stm32f4xx_hal.o
HAL_DMAEx_ChangeMemory                            build/stm32f4xx_hal_dma_ex.o
HAL_DMAEx_MultiBufferStart                        build/stm32f4xx_hal_dma_ex.o
HAL_DMAEx_MultiBufferStart_IT                     build/stm32f4xx_hal_dma_ex.o
HAL_DMA_Abort                                     build/stm32f4xx_hal_dma.o
HAL_DMA_Abort_IT                                  build/stm32f4xx_hal_dma.o
HAL_DMA_DeInit                                    build/stm32f4xx_hal_dma.o
HAL_DMA_GetError                                  build/stm32f4xx_hal_dma.o
HAL_DMA_GetState                                  build/stm32f4xx_hal_dma.o
HAL_DMA_IRQHandler                                build/stm32f4xx_hal_dma.o
HAL_DMA_Init                                      build/stm32f4xx_hal_dma.o
HAL_DMA_PollForTransfer                           build/stm32f4xx_hal_dma.o
HAL_DMA_RegisterCallback                          build/stm32f4xx_hal_dma.o
HAL_DMA_Start                                     build/stm32f4xx_hal_dma.o
HAL_DMA_Start_IT                                  build/stm32f4xx_hal_dma.o
HAL_DMA_UnRegisterCallback                        build/stm32f4xx_hal_dma.o
HAL_DeInit                                        build/stm32f4xx_hal.o
HAL_Delay                                         build/stm32f4xx_hal.o
HAL_DisableCompensationCell                       build/stm32f4xx_hal.o
HAL_EXTI_ClearConfigLine                          build/stm32f4xx_hal_exti.o
HAL_EXTI_ClearPending                             build/stm32f4xx_hal_exti.o
HAL_EXTI_GenerateSWI                              build/stm32f4xx_hal_exti.o
HAL_EXTI_GetConfigLine                            build/stm32f4xx_hal_exti.o
HAL_EXTI_GetHandle                                build/stm32f4xx_hal_exti.o
HAL_EXTI_GetPending                               build/stm32f4xx_hal_exti.o
HAL_EXTI_IRQHandler                               build/stm32f4xx_hal_exti.o
HAL_EXTI_RegisterCallback                         build/stm32f4xx_hal_exti.o
HAL_EXTI_SetConfigLine                            build/stm32f4xx_hal_exti.o
HAL_EnableCompensationCell                        build/stm32f4xx_hal.o
HAL_FLASHEx_Erase                                 build/stm32f4xx_hal_flash_ex.o
HAL_FLASHEx_Erase_IT                              build/stm32f4xx_hal_flash_ex.o
HAL_FLASHEx_OBGetConfig                           build/stm32f4xx_hal_flash_ex.o
HAL_FLASHEx_OBProgram                             build/stm32f4xx_hal_flash_ex.o
HAL_FLASH_EndOfOperationCallback                  build/stm32f4xx_hal_flash.o
HAL_FLASH_GetError                                build/stm32f4xx_hal_flash.o
HAL_FLASH_IRQHandler                              build/stm32f4xx_hal_flash.o
HAL_FLASH_Lock                                    build/stm32f4xx_hal_flash.o
HAL_FLASH_OB_Launch                               build/stm32f4xx_hal_flash.o
HAL_FLASH_OB_Lock                                 build/stm32f4xx_hal_flash.o
HAL_FLASH_OB_Unlock                               build/stm32f4xx_hal_flash.o
HAL_FLASH_OperationErrorCallback                  build/stm32f4xx_hal_flash.o
HAL_FLASH_Program                                 build/stm32f4xx_hal_flash.o
HAL_FLASH_Program_IT                              build/stm32f4xx_hal_flash.o
HAL_FLASH_Unlock                                  build/stm32f4xx_hal_flash.o
HAL_GPIO_DeInit                                   build/stm32f4xx_hal_gpio.o
HAL_GPIO_EXTI_Callback                            build/main.o
HAL_GPIO_EXTI_IRQHandler                          build/stm32f4xx_hal_gpio.o
                                                  build/stm32f4xx_it.o
HAL_GPIO_Init                                     build/stm32f4xx_hal_gpio.o
                                                  build/gpio.o
                                                  build/stm32f4xx_hal_rcc.o
HAL_GPIO_LockPin                                  build/stm32f4xx_hal_gpio.o
HAL_GPIO_ReadPin                                  build/stm32f4xx_hal_gpio.o
HAL_GPIO_TogglePin                                build/stm32f4xx_hal_gpio.o
HAL_GPIO_WritePin                                 build/stm32f4xx_hal_gpio.o
                                                  build/gpio.o
HAL_GetDEVID                                      build/stm32f4xx_hal.o
HAL_GetHalVersion                                 build/stm32f4xx_hal.o
HAL_GetREVID                                      build/stm32f4xx_hal.o
HAL_GetTick                                       build/stm32f4xx_hal.o
                                                  build/stm32f4xx_hal_pwr_ex.o
                                                  build/stm32f4xx_hal_dma.o
                                                  build/stm32f4xx_hal_flash.o
                                                  build/stm32f4xx_hal_rcc_ex.o
                                                  build/stm32f4xx_hal_rcc.o
HAL_GetTickFreq                                   build/stm32f4xx_hal.o
HAL_GetTickPrio                                   build/stm32f4xx_hal.o
HAL_GetUIDw0                                      build/stm32f4xx_hal.o
HAL_GetUIDw1                                      build/stm32f4xx_hal.o
HAL_GetUIDw2                                      build/stm32f4xx_hal.o
HAL_IncTick                                       build/stm32f4xx_hal.o
                                                  build/stm32f4xx_it.o
HAL_Init                                          build/stm32f4xx_hal.o
                                                  build/main.o
HAL_InitTick                                      build/stm32f4xx_hal.o
                                                  build/stm32f4xx_hal_rcc_ex.o
                                                  build/stm32f4xx_hal_rcc.o
HAL_MPU_ConfigRegion                              build/stm32f4xx_hal_cortex.o
HAL_MPU_Disable                                   build/stm32f4xx_hal_cortex.o
HAL_MPU_Enable                                    build/stm32f4xx_hal_cortex.o
HAL_MspDeInit                                     build/stm32f4xx_hal.o
HAL_MspInit                                       build/stm32f4xx_hal_msp.o
HAL_NVIC_ClearPendingIRQ                          build/stm32f4xx_hal_cortex.o
HAL_NVIC_DisableIRQ                               build/stm32f4xx_hal_cortex.o
                                                  build/main.o
HAL_NVIC_EnableIRQ                                build/stm32f4xx_hal_cortex.o
                                                  build/gpio.o
                                                  build/main.o
HAL_NVIC_GetActive                                build/stm32f4xx_hal_cortex.o
HAL_NVIC_GetPendingIRQ                            build/stm32f4xx_hal_cortex.o
HAL_NVIC_GetPriority                              build/stm32f4xx_hal_cortex.o
HAL_NVIC_GetPriorityGrouping                      build/stm32f4xx_hal_cortex.o
HAL_NVIC_SetPendingIRQ                            build/stm32f4xx_hal_cortex.o
HAL_NVIC_SetPriority                              build/stm32f4xx_hal_cortex.o
                                                  build/gpio.o
                                                  build/stm32f4xx_hal.o
                                                  build/stm32f4xx_hal_msp.o
HAL_NVIC_SetPriorityGrouping                      build/stm32f4xx_hal_cortex.o
                                                  build/stm32f4xx_hal.o
HAL_NVIC_SystemReset                              build/stm32f4xx_hal_cortex.o
HAL_PWREx_ControlVoltageScaling                   build/stm32f4xx_hal_pwr_ex.o
HAL_PWREx_DisableBkUpReg                          build/stm32f4xx_hal_pwr_ex.o
HAL_PWREx_DisableFlashPowerDown                   build/stm32f4xx_hal_pwr_ex.o
HAL_PWREx_EnableBkUpReg                           build/stm32f4xx_hal_pwr_ex.o
HAL_PWREx_EnableFlashPowerDown                    build/stm32f4xx_hal_pwr_ex.o
HAL_PWREx_GetVoltageRange                         build/stm32f4xx_hal_pwr_ex.o
HAL_PWR_ConfigPVD                                 build/stm32f4xx_hal_pwr.o
HAL_PWR_DeInit                                    build/stm32f4xx_hal_pwr.o
HAL_PWR_DisableBkUpAccess                         build/stm32f4xx_hal_pwr.o
HAL_PWR_DisablePVD                                build/stm32f4xx_hal_pwr.o
HAL_PWR_DisableSEVOnPend                          build/stm32f4xx_hal_pwr.o
HAL_PWR_DisableSleepOnExit                        build/stm32f4xx_hal_pwr.o
HAL_PWR_DisableWakeUpPin                          build/stm32f4xx_hal_pwr.o
HAL_PWR_EnableBkUpAccess                          build/stm32f4xx_hal_pwr.o
HAL_PWR_EnablePVD                                 build/stm32f4xx_hal_pwr.o
HAL_PWR_EnableSEVOnPend                           build/stm32f4xx_hal_pwr.o
HAL_PWR_EnableSleepOnExit                         build/stm32f4xx_hal_pwr.o
HAL_PWR_EnableWakeUpPin                           build/stm32f4xx_hal_pwr.o
HAL_PWR_EnterSLEEPMode                            build/stm32f4xx_hal_pwr.o
HAL_PWR_EnterSTANDBYMode                          build/stm32f4xx_hal_pwr.o
HAL_PWR_EnterSTOPMode                             build/stm32f4xx_hal_pwr.o
HAL_PWR_PVDCallback                               build/stm32f4xx_hal_pwr.o
HAL_PWR_PVD_IRQHandler                            build/stm32f4xx_hal_pwr.o
HAL_RCCEx_DisablePLLI2S                           build/stm32f4xx_hal_rcc_ex.o
HAL_RCCEx_EnablePLLI2S                            build/stm32f4xx_hal_rcc_ex.o
HAL_RCCEx_GetPeriphCLKConfig                      build/stm32f4xx_hal_rcc_ex.o
HAL_RCCEx_GetPeriphCLKFreq                        build/stm32f4xx_hal_rcc_ex.o
HAL_RCCEx_PeriphCLKConfig                         build/stm32f4xx_hal_rcc_ex.o
HAL_RCC_CSSCallback                               build/stm32f4xx_hal_rcc.o
HAL_RCC_ClockConfig                               build/stm32f4xx_hal_rcc.o
                                                  build/main.o
HAL_RCC_DeInit                                    build/stm32f4xx_hal_rcc_ex.o
                                                  build/stm32f4xx_hal_rcc.o
HAL_RCC_DisableCSS                                build/stm32f4xx_hal_rcc.o
HAL_RCC_EnableCSS                                 build/stm32f4xx_hal_rcc.o
HAL_RCC_GetClockConfig                            build/stm32f4xx_hal_rcc.o
HAL_RCC_GetHCLKFreq                               build/stm32f4xx_hal_rcc.o
HAL_RCC_GetOscConfig                              build/stm32f4xx_hal_rcc.o
HAL_RCC_GetPCLK1Freq                              build/stm32f4xx_hal_rcc.o
HAL_RCC_GetPCLK2Freq                              build/stm32f4xx_hal_rcc.o
HAL_RCC_GetSysClockFreq                           build/stm32f4xx_hal_rcc.o
HAL_RCC_MCOConfig                                 build/stm32f4xx_hal_rcc.o
HAL_RCC_NMI_IRQHandler                            build/stm32f4xx_hal_rcc.o
HAL_RCC_OscConfig                                 build/stm32f4xx_hal_rcc.o
                                                  build/main.o
HAL_ResumeTick                                    build/stm32f4xx_hal.o
HAL_SYSTICK_CLKSourceConfig                       build/stm32f4xx_hal_cortex.o
HAL_SYSTICK_Callback                              build/stm32f4xx_hal_cortex.o
HAL_SYSTICK_Config                                build/stm32f4xx_hal_cortex.o
                                                  build/stm32f4xx_hal.o
HAL_SYSTICK_IRQHandler                            build/stm32f4xx_hal_cortex.o
HAL_SetTickFreq                                   build/stm32f4xx_hal.o
HAL_SuspendTick                                   build/stm32f4xx_hal.o
HASH_RNG_IRQHandler                               build/startup_stm32f407xx.o
HardFault_Handler                                 build/stm32f4xx_it.o
I2C1_ER_IRQHandler                                build/startup_stm32f407xx.o
I2C1_EV_IRQHandler                                build/startup_stm32f407xx.o
I2C2_ER_IRQHandler                                build/startup_stm32f407xx.o
I2C2_EV_IRQHandler                                build/startup_stm32f407xx.o
I2C3_ER_IRQHandler                                build/startup_stm32f407xx.o
I2C3_EV_IRQHandler                                build/startup_stm32f407xx.o
MX_FREERTOS_Init                                  build/freertos.o
MX_GPIO_Init                                      build/gpio.o
                                                  build/main.o
MemManage_Handler                                 build/stm32f4xx_it.o
NMI_Handler                                       build/stm32f4xx_it.o
OTG_FS_IRQHandler                                 build/startup_stm32f407xx.o
OTG_FS_WKUP_IRQHandler                            build/startup_stm32f407xx.o
OTG_HS_EP1_IN_IRQHandler                          build/startup_stm32f407xx.o
OTG_HS_EP1_OUT_IRQHandler                         build/startup_stm32f407xx.o
OTG_HS_IRQHandler                                 build/startup_stm32f407xx.o
OTG_HS_WKUP_IRQHandler                            build/startup_stm32f407xx.o
PVD_IRQHandler                                    build/startup_stm32f407xx.o
PendSV_Handler                                    build/port.o
RCC_IRQHandler                                    build/startup_stm32f407xx.o
RTC_Alarm_IRQHandler                              build/startup_stm32f407xx.o
RTC_WKUP_IRQHandler                               build/startup_stm32f407xx.o
Reset_Handler                                     build/startup_stm32f407xx.o
SDIO_IRQHandler                                   build/startup_stm32f407xx.o
SPI1_IRQHandler                                   build/startup_stm32f407xx.o
SPI2_IRQHandler                                   build/startup_stm32f407xx.o
SPI3_IRQHandler                                   build/startup_stm32f407xx.o
SVC_Handler                                       build/port.o
StartDefaultTask                                  build/freertos.o
SysTick_Handler                                   build/stm32f4xx_it.o
SystemClock_Config                                build/main.o
SystemCoreClock                                   build/system_stm32f4xx.o
                                                  build/port.o
                                                  build/stm32f4xx_hal.o
                                                  build/stm32f4xx_hal_dma.o
                                                  build/stm32f4xx_hal_rcc_ex.o
                                                  build/stm32f4xx_hal_rcc.o
SystemCoreClockUpdate                             build/system_stm32f4xx.o
SystemInit                                        build/system_stm32f4xx.o
                                                  build/startup_stm32f407xx.o
TAMP_STAMP_IRQHandler                             build/startup_stm32f407xx.o
TIM1_BRK_TIM9_IRQHandler                          build/startup_stm32f407xx.o
TIM1_CC_IRQHandler                                build/startup_stm32f407xx.o
TIM1_TRG_COM_TIM11_IRQHandler                     build/startup_stm32f407xx.o
TIM1_UP_TIM10_IRQHandler                          build/startup_stm32f407xx.o
TIM2_IRQHandler                                   build/startup_stm32f407xx.o
TIM3_IRQHandler                                   build/startup_stm32f407xx.o
TIM4_IRQHandler                                   build/startup_stm32f407xx.o
TIM5_IRQHandler                                   build/startup_stm32f407xx.o
TIM6_DAC_IRQHandler                               build/startup_stm32f407xx.o
TIM7_IRQHandler                                   build/startup_stm32f407xx.o
TIM8_BRK_TIM12_IRQHandler                         build/startup_stm32f407xx.o
TIM8_CC_IRQHandler                                build/startup_stm32f407xx.o
TIM8_TRG_COM_TIM14_IRQHandler                     build/startup_stm32f407xx.o
TIM8_UP_TIM13_IRQHandler                          build/startup_stm32f407xx.o
UART4_IRQHandler                                  build/startup_stm32f407xx.o
UART5_IRQHandler                                  build/startup_stm32f407xx.o
USART1_IRQHandler                                 build/startup_stm32f407xx.o
USART2_IRQHandler                                 build/startup_stm32f407xx.o
USART3_IRQHandler                                 build/startup_stm32f407xx.o
USART6_IRQHandler                                 build/startup_stm32f407xx.o
UsageFault_Handler                                build/stm32f4xx_it.o
WWDG_IRQHandler                                   build/startup_stm32f407xx.o
_ITM_deregisterTMCloneTable                       /usr/lib/gcc/arm-none-eabi/9.2.1/thumb/v7e-m+fp/hard/crtbegin.o
_ITM_registerTMCloneTable                         /usr/lib/gcc/arm-none-eabi/9.2.1/thumb/v7e-m+fp/hard/crtbegin.o
__TMC_END__                                       /usr/lib/gcc/arm-none-eabi/9.2.1/thumb/v7e-m+fp/hard/crtend.o
                                                  /usr/lib/gcc/arm-none-eabi/9.2.1/thumb/v7e-m+fp/hard/crtbegin.o
__aeabi_idiv0                                     /usr/lib/gcc/arm-none-eabi/9.2.1/thumb/v7e-m+fp/hard/libgcc.a(_dvmd_tls.o)
__aeabi_ldiv0                                     /usr/lib/gcc/arm-none-eabi/9.2.1/thumb/v7e-m+fp/hard/libgcc.a(_dvmd_tls.o)
                                                  /usr/lib/gcc/arm-none-eabi/9.2.1/thumb/v7e-m+fp/hard/libgcc.a(_aeabi_uldivmod.o)
__aeabi_uldivmod                                  /usr/lib/gcc/arm-none-eabi/9.2.1/thumb/v7e-m+fp/hard/libgcc.a(_aeabi_uldivmod.o)
                                                  build/stm32f4xx_hal_rcc.o
__atexit_dummy                                    /usr/lib/gcc/arm-none-eabi/9.2.1/../../../arm-none-eabi/lib/thumb/v7e-m+fp/hard/libc_nano.a(lib_a-__atexit.o)
__bss_end__                                       /usr/lib/gcc/arm-none-eabi/9.2.1/../../../arm-none-eabi/lib/thumb/v7e-m+fp/hard/crt0.o
__bss_start__                                     /usr/lib/gcc/arm-none-eabi/9.2.1/../../../arm-none-eabi/lib/thumb/v7e-m+fp/hard/crt0.o
__call_exitprocs                                  /usr/lib/gcc/arm-none-eabi/9.2.1/../../../arm-none-eabi/lib/thumb/v7e-m+fp/hard/libc_nano.a(lib_a-__call_atexit.o)
                                                  /usr/lib/gcc/arm-none-eabi/9.2.1/../../../arm-none-eabi/lib/thumb/v7e-m+fp/hard/libc_nano.a(lib_a-__atexit.o)
                                                  /usr/lib/gcc/arm-none-eabi/9.2.1/../../../arm-none-eabi/lib/thumb/v7e-m+fp/hard/libc_nano.a(lib_a-exit.o)
__deregister_frame_info                           /usr/lib/gcc/arm-none-eabi/9.2.1/thumb/v7e-m+fp/hard/crtbegin.o
__dso_handle                                      /usr/lib/gcc/arm-none-eabi/9.2.1/thumb/v7e-m+fp/hard/crtbegin.o
__fini_array_end                                  /usr/lib/gcc/arm-none-eabi/9.2.1/../../../arm-none-eabi/lib/thumb/v7e-m+fp/hard/libc_nano.a(lib_a-fini.o)
__fini_array_start                                /usr/lib/gcc/arm-none-eabi/9.2.1/../../../arm-none-eabi/lib/thumb/v7e-m+fp/hard/libc_nano.a(lib_a-fini.o)
__init_array_end                                  /usr/lib/gcc/arm-none-eabi/9.2.1/../../../arm-none-eabi/lib/thumb/v7e-m+fp/hard/libc_nano.a(lib_a-init.o)
__init_array_start                                /usr/lib/gcc/arm-none-eabi/9.2.1/../../../arm-none-eabi/lib/thumb/v7e-m+fp/hard/libc_nano.a(lib_a-init.o)
__libc_fini_array                                 /usr/lib/gcc/arm-none-eabi/9.2.1/../../../arm-none-eabi/lib/thumb/v7e-m+fp/hard/libc_nano.a(lib_a-fini.o)
                                                  /usr/lib/gcc/arm-none-eabi/9.2.1/../../../arm-none-eabi/lib/thumb/v7e-m+fp/hard/crt0.o
__libc_init_array                                 /usr/lib/gcc/arm-none-eabi/9.2.1/../../../arm-none-eabi/lib/thumb/v7e-m+fp/hard/libc_nano.a(lib_a-init.o)
                                                  build/startup_stm32f407xx.o
                                                  /usr/lib/gcc/arm-none-eabi/9.2.1/../../../arm-none-eabi/lib/thumb/v7e-m+fp/hard/crt0.o
__on_exit_args                                    /usr/lib/gcc/arm-none-eabi/9.2.1/../../../arm-none-eabi/lib/thumb/v7e-m+fp/hard/libc_nano.a(lib_a-__atexit.o)
__preinit_array_end                               /usr/lib/gcc/arm-none-eabi/9.2.1/../../../arm-none-eabi/lib/thumb/v7e-m+fp/hard/libc_nano.a(lib_a-init.o)
__preinit_array_start                             /usr/lib/gcc/arm-none-eabi/9.2.1/../../../arm-none-eabi/lib/thumb/v7e-m+fp/hard/libc_nano.a(lib_a-init.o)
__register_exitproc                               /usr/lib/gcc/arm-none-eabi/9.2.1/../../../arm-none-eabi/lib/thumb/v7e-m+fp/hard/libc_nano.a(lib_a-__atexit.o)
                                                  /usr/lib/gcc/arm-none-eabi/9.2.1/../../../arm-none-eabi/lib/thumb/v7e-m+fp/hard/libc_nano.a(lib_a-atexit.o)
__register_frame_info                             /usr/lib/gcc/arm-none-eabi/9.2.1/thumb/v7e-m+fp/hard/crtbegin.o
__sf_fake_stderr                                  /usr/lib/gcc/arm-none-eabi/9.2.1/../../../arm-none-eabi/lib/thumb/v7e-m+fp/hard/libc_nano.a(lib_a-impure.o)
__sf_fake_stdin                                   /usr/lib/gcc/arm-none-eabi/9.2.1/../../../arm-none-eabi/lib/thumb/v7e-m+fp/hard/libc_nano.a(lib_a-impure.o)
__sf_fake_stdout                                  /usr/lib/gcc/arm-none-eabi/9.2.1/../../../arm-none-eabi/lib/thumb/v7e-m+fp/hard/libc_nano.a(lib_a-impure.o)
__stack                                           /usr/lib/gcc/arm-none-eabi/9.2.1/../../../arm-none-eabi/lib/thumb/v7e-m+fp/hard/crt0.o
__udivmoddi4                                      /usr/lib/gcc/arm-none-eabi/9.2.1/thumb/v7e-m+fp/hard/libgcc.a(_udivmoddi4.o)
                                                  /usr/lib/gcc/arm-none-eabi/9.2.1/thumb/v7e-m+fp/hard/libgcc.a(_aeabi_uldivmod.o)
_ebss                                             build/startup_stm32f407xx.o
_edata                                            build/startup_stm32f407xx.o
_estack                                           build/startup_stm32f407xx.o
_exit                                             /usr/lib/gcc/arm-none-eabi/9.2.1/../../../arm-none-eabi/lib/thumb/v7e-m+fp/hard/libnosys.a(_exit.o)
                                                  /usr/lib/gcc/arm-none-eabi/9.2.1/../../../arm-none-eabi/lib/thumb/v7e-m+fp/hard/libc_nano.a(lib_a-exit.o)
_fini                                             /usr/lib/gcc/arm-none-eabi/9.2.1/thumb/v7e-m+fp/hard/crti.o
                                                  /usr/lib/gcc/arm-none-eabi/9.2.1/../../../arm-none-eabi/lib/thumb/v7e-m+fp/hard/libc_nano.a(lib_a-fini.o)
_global_atexit                                    /usr/lib/gcc/arm-none-eabi/9.2.1/../../../arm-none-eabi/lib/thumb/v7e-m+fp/hard/libc_nano.a(lib_a-__call_atexit.o)
                                                  /usr/lib/gcc/arm-none-eabi/9.2.1/../../../arm-none-eabi/lib/thumb/v7e-m+fp/hard/libc_nano.a(lib_a-__atexit.o)
_global_impure_ptr                                /usr/lib/gcc/arm-none-eabi/9.2.1/../../../arm-none-eabi/lib/thumb/v7e-m+fp/hard/libc_nano.a(lib_a-impure.o)
                                                  /usr/lib/gcc/arm-none-eabi/9.2.1/../../../arm-none-eabi/lib/thumb/v7e-m+fp/hard/libc_nano.a(lib_a-exit.o)
_impure_ptr                                       /usr/lib/gcc/arm-none-eabi/9.2.1/../../../arm-none-eabi/lib/thumb/v7e-m+fp/hard/libc_nano.a(lib_a-impure.o)
_init                                             /usr/lib/gcc/arm-none-eabi/9.2.1/thumb/v7e-m+fp/hard/crti.o
                                                  /usr/lib/gcc/arm-none-eabi/9.2.1/../../../arm-none-eabi/lib/thumb/v7e-m+fp/hard/libc_nano.a(lib_a-init.o)
_mainCRTStartup                                   /usr/lib/gcc/arm-none-eabi/9.2.1/../../../arm-none-eabi/lib/thumb/v7e-m+fp/hard/crt0.o
_sbss                                             build/startup_stm32f407xx.o
_sdata                                            build/startup_stm32f407xx.o
_sidata                                           build/startup_stm32f407xx.o
_stack_init                                       /usr/lib/gcc/arm-none-eabi/9.2.1/../../../arm-none-eabi/lib/thumb/v7e-m+fp/hard/crt0.o
_start                                            /usr/lib/gcc/arm-none-eabi/9.2.1/../../../arm-none-eabi/lib/thumb/v7e-m+fp/hard/crt0.o
atexit                                            /usr/lib/gcc/arm-none-eabi/9.2.1/../../../arm-none-eabi/lib/thumb/v7e-m+fp/hard/libc_nano.a(lib_a-atexit.o)
                                                  /usr/lib/gcc/arm-none-eabi/9.2.1/../../../arm-none-eabi/lib/thumb/v7e-m+fp/hard/crt0.o
buttonPressed                                     build/main.o
defaultTaskHandle                                 build/freertos.o
exit                                              /usr/lib/gcc/arm-none-eabi/9.2.1/../../../arm-none-eabi/lib/thumb/v7e-m+fp/hard/libc_nano.a(lib_a-exit.o)
                                                  /usr/lib/gcc/arm-none-eabi/9.2.1/../../../arm-none-eabi/lib/thumb/v7e-m+fp/hard/crt0.o
g_pfnVectors                                      build/startup_stm32f407xx.o
gpio_led_state                                    build/gpio.o
                                                  build/main.o
hardware_init_hook                                /usr/lib/gcc/arm-none-eabi/9.2.1/../../../arm-none-eabi/lib/thumb/v7e-m+fp/hard/crt0.o
main                                              build/main.o
                                                  build/startup_stm32f407xx.o
                                                  /usr/lib/gcc/arm-none-eabi/9.2.1/../../../arm-none-eabi/lib/thumb/v7e-m+fp/hard/crt0.o
malloc                                            /usr/lib/gcc/arm-none-eabi/9.2.1/../../../arm-none-eabi/lib/thumb/v7e-m+fp/hard/libc_nano.a(lib_a-__atexit.o)
memcpy                                            /usr/lib/gcc/arm-none-eabi/9.2.1/../../../arm-none-eabi/lib/thumb/v7e-m+fp/hard/libc_nano.a(lib_a-memcpy.o)
                                                  build/stream_buffer.o
                                                  build/queue.o
memset                                            /usr/lib/gcc/arm-none-eabi/9.2.1/../../../arm-none-eabi/lib/thumb/v7e-m+fp/hard/libc_nano.a(lib_a-memset.o)
                                                  build/stream_buffer.o
                                                  build/main.o
                                                  /usr/lib/gcc/arm-none-eabi/9.2.1/../../../arm-none-eabi/lib/thumb/v7e-m+fp/hard/crt0.o
osAbortDelay                                      build/cmsis_os.o
osDelay                                           build/cmsis_os.o
                                                  build/freertos.o
osDelayUntil                                      build/cmsis_os.o
osKernelRunning                                   build/cmsis_os.o
osKernelStart                                     build/cmsis_os.o
osKernelSysTick                                   build/cmsis_os.o
osMailAlloc                                       build/cmsis_os.o
osMailCAlloc                                      build/cmsis_os.o
osMailCreate                                      build/cmsis_os.o
osMailFree                                        build/cmsis_os.o
osMailGet                                         build/cmsis_os.o
osMailPut                                         build/cmsis_os.o
osMessageAvailableSpace                           build/cmsis_os.o
osMessageCreate                                   build/cmsis_os.o
osMessageDelete                                   build/cmsis_os.o
osMessageGet                                      build/cmsis_os.o
osMessagePeek                                     build/cmsis_os.o
osMessagePut                                      build/cmsis_os.o
osMessageWaiting                                  build/cmsis_os.o
osMutexCreate                                     build/cmsis_os.o
osMutexDelete                                     build/cmsis_os.o
osMutexRelease                                    build/cmsis_os.o
osMutexWait                                       build/cmsis_os.o
osPoolAlloc                                       build/cmsis_os.o
osPoolCAlloc                                      build/cmsis_os.o
osPoolCreate                                      build/cmsis_os.o
osPoolFree                                        build/cmsis_os.o
osRecursiveMutexCreate                            build/cmsis_os.o
osRecursiveMutexRelease                           build/cmsis_os.o
osRecursiveMutexWait                              build/cmsis_os.o
osSemaphoreCreate                                 build/cmsis_os.o
osSemaphoreDelete                                 build/cmsis_os.o
osSemaphoreGetCount                               build/cmsis_os.o
osSemaphoreRelease                                build/cmsis_os.o
osSemaphoreWait                                   build/cmsis_os.o
osSignalSet                                       build/cmsis_os.o
osSignalWait                                      build/cmsis_os.o
osSystickHandler                                  build/cmsis_os.o
osThreadCreate                                    build/cmsis_os.o
                                                  build/freertos.o
osThreadGetId                                     build/cmsis_os.o
osThreadGetPriority                               build/cmsis_os.o
osThreadList                                      build/cmsis_os.o
osThreadResume                                    build/cmsis_os.o
osThreadResumeAll                                 build/cmsis_os.o
osThreadSetPriority                               build/cmsis_os.o
osThreadSuspend                                   build/cmsis_os.o
osThreadSuspendAll                                build/cmsis_os.o
osThreadTerminate                                 build/cmsis_os.o
osThreadYield                                     build/cmsis_os.o
osTimerCreate                                     build/cmsis_os.o
osTimerDelete                                     build/cmsis_os.o
osTimerStart                                      build/cmsis_os.o
osTimerStop                                       build/cmsis_os.o
pFlash                                            build/stm32f4xx_hal_flash.o
                                                  build/stm32f4xx_hal_flash_ex.o
pcQueueGetName                                    build/queue.o
pcTaskGetName                                     build/tasks.o
pvPortMalloc                                      build/heap_2.o
                                                  build/cmsis_os.o
                                                  build/tasks.o
                                                  build/stream_buffer.o
                                                  build/queue.o
                                                  build/event_groups.o
pvTaskIncrementMutexHeldCount                     build/tasks.o
                                                  build/queue.o
pxCurrentTCB                                      build/tasks.o
                                                  build/port.o
pxPortInitialiseStack                             build/port.o
                                                  build/tasks.o
software_init_hook                                /usr/lib/gcc/arm-none-eabi/9.2.1/../../../arm-none-eabi/lib/thumb/v7e-m+fp/hard/crt0.o
ulTaskNotifyTake                                  build/tasks.o
ulTaskNotifyValueClear                            build/tasks.o
uwTick                                            build/stm32f4xx_hal.o
uwTickFreq                                        build/stm32f4xx_hal.o
uwTickPrio                                        build/stm32f4xx_hal.o
                                                  build/stm32f4xx_hal_rcc_ex.o
                                                  build/stm32f4xx_hal_rcc.o
uxListRemove                                      build/list.o
                                                  build/tasks.o
uxQueueMessagesWaiting                            build/queue.o
                                                  build/cmsis_os.o
uxQueueMessagesWaitingFromISR                     build/queue.o
                                                  build/cmsis_os.o
uxQueueSpacesAvailable                            build/queue.o
                                                  build/cmsis_os.o
uxTaskGetNumberOfTasks                            build/tasks.o
uxTaskPriorityGet                                 build/tasks.o
                                                  build/cmsis_os.o
uxTaskPriorityGetFromISR                          build/tasks.o
                                                  build/cmsis_os.o
uxTaskResetEventItemValue                         build/tasks.o
                                                  build/event_groups.o
vApplicationGetIdleTaskMemory                     build/freertos.o
                                                  build/tasks.o
vEventGroupClearBitsCallback                      build/event_groups.o
vEventGroupDelete                                 build/event_groups.o
vEventGroupSetBitsCallback                        build/event_groups.o
vListInitialise                                   build/list.o
                                                  build/tasks.o
                                                  build/queue.o
                                                  build/event_groups.o
vListInitialiseItem                               build/list.o
                                                  build/tasks.o
vListInsert                                       build/list.o
                                                  build/tasks.o
vListInsertEnd                                    build/list.o
                                                  build/tasks.o
vPortEndScheduler                                 build/port.o
                                                  build/tasks.o
vPortEnterCritical                                build/port.o
                                                  build/cmsis_os.o
                                                  build/tasks.o
                                                  build/stream_buffer.o
                                                  build/queue.o
                                                  build/event_groups.o
vPortExitCritical                                 build/port.o
                                                  build/cmsis_os.o
                                                  build/tasks.o
                                                  build/stream_buffer.o
                                                  build/queue.o
                                                  build/event_groups.o
vPortFree                                         build/heap_2.o
                                                  build/cmsis_os.o
                                                  build/tasks.o
                                                  build/stream_buffer.o
                                                  build/queue.o
                                                  build/event_groups.o
vPortInitialiseBlocks                             build/heap_2.o
vPortSetupTimerInterrupt                          build/port.o
vPortValidateInterruptPriority                    build/port.o
                                                  build/tasks.o
                                                  build/queue.o
vQueueAddToRegistry                               build/queue.o
vQueueDelete                                      build/queue.o
                                                  build/cmsis_os.o
vQueueUnregisterQueue                             build/queue.o
vStreamBufferDelete                               build/stream_buffer.o
vTaskDelay                                        build/tasks.o
                                                  build/cmsis_os.o
                                                  build/main.o
vTaskDelete                                       build/tasks.o
                                                  build/cmsis_os.o
vTaskEndScheduler                                 build/tasks.o
vTaskHigh                                         build/main.o
vTaskInternalSetTimeOutState                      build/tasks.o
                                                  build/queue.o
vTaskLow                                          build/main.o
vTaskMissedYield                                  build/tasks.o
                                                  build/queue.o
vTaskNotifyGiveFromISR                            build/tasks.o
vTaskPlaceOnEventList                             build/tasks.o